Archive member included to satisfy reference by file (symbol)

d:/dev/gnu arm embedded toolchain/gcc-arm-none-eabi-10.3-2021.10/bin/../lib/gcc/arm-none-eabi/10.3.1/../../../../arm-none-eabi/lib/thumb/v7e-m+fp/hard\libc_nano.a(lib_a-errno.o)
                              build/sysmem.o (__errno)
d:/dev/gnu arm embedded toolchain/gcc-arm-none-eabi-10.3-2021.10/bin/../lib/gcc/arm-none-eabi/10.3.1/../../../../arm-none-eabi/lib/thumb/v7e-m+fp/hard\libc_nano.a(lib_a-exit.o)
                              d:/dev/gnu arm embedded toolchain/gcc-arm-none-eabi-10.3-2021.10/bin/../lib/gcc/arm-none-eabi/10.3.1/../../../../arm-none-eabi/lib/thumb/v7e-m+fp/hard/crt0.o (exit)
d:/dev/gnu arm embedded toolchain/gcc-arm-none-eabi-10.3-2021.10/bin/../lib/gcc/arm-none-eabi/10.3.1/../../../../arm-none-eabi/lib/thumb/v7e-m+fp/hard\libc_nano.a(lib_a-impure.o)
                              d:/dev/gnu arm embedded toolchain/gcc-arm-none-eabi-10.3-2021.10/bin/../lib/gcc/arm-none-eabi/10.3.1/../../../../arm-none-eabi/lib/thumb/v7e-m+fp/hard\libc_nano.a(lib_a-exit.o) (_global_impure_ptr)
d:/dev/gnu arm embedded toolchain/gcc-arm-none-eabi-10.3-2021.10/bin/../lib/gcc/arm-none-eabi/10.3.1/../../../../arm-none-eabi/lib/thumb/v7e-m+fp/hard\libc_nano.a(lib_a-init.o)
                              d:/dev/gnu arm embedded toolchain/gcc-arm-none-eabi-10.3-2021.10/bin/../lib/gcc/arm-none-eabi/10.3.1/../../../../arm-none-eabi/lib/thumb/v7e-m+fp/hard/crt0.o (__libc_init_array)
d:/dev/gnu arm embedded toolchain/gcc-arm-none-eabi-10.3-2021.10/bin/../lib/gcc/arm-none-eabi/10.3.1/../../../../arm-none-eabi/lib/thumb/v7e-m+fp/hard\libc_nano.a(lib_a-memset.o)
                              d:/dev/gnu arm embedded toolchain/gcc-arm-none-eabi-10.3-2021.10/bin/../lib/gcc/arm-none-eabi/10.3.1/../../../../arm-none-eabi/lib/thumb/v7e-m+fp/hard/crt0.o (memset)
d:/dev/gnu arm embedded toolchain/gcc-arm-none-eabi-10.3-2021.10/bin/../lib/gcc/arm-none-eabi/10.3.1/thumb/v7e-m+fp/hard\libgcc.a(_arm_muldf3.o)
                              build/printf.o (__aeabi_dmul)
d:/dev/gnu arm embedded toolchain/gcc-arm-none-eabi-10.3-2021.10/bin/../lib/gcc/arm-none-eabi/10.3.1/thumb/v7e-m+fp/hard\libgcc.a(_arm_addsubdf3.o)
                              build/printf.o (__aeabi_dsub)
d:/dev/gnu arm embedded toolchain/gcc-arm-none-eabi-10.3-2021.10/bin/../lib/gcc/arm-none-eabi/10.3.1/thumb/v7e-m+fp/hard\libgcc.a(_arm_muldivdf3.o)
                              build/printf.o (__aeabi_ddiv)
d:/dev/gnu arm embedded toolchain/gcc-arm-none-eabi-10.3-2021.10/bin/../lib/gcc/arm-none-eabi/10.3.1/thumb/v7e-m+fp/hard\libgcc.a(_arm_cmpdf2.o)
                              build/printf.o (__aeabi_dcmpeq)
d:/dev/gnu arm embedded toolchain/gcc-arm-none-eabi-10.3-2021.10/bin/../lib/gcc/arm-none-eabi/10.3.1/thumb/v7e-m+fp/hard\libgcc.a(_arm_fixdfsi.o)
                              build/printf.o (__aeabi_d2iz)
d:/dev/gnu arm embedded toolchain/gcc-arm-none-eabi-10.3-2021.10/bin/../lib/gcc/arm-none-eabi/10.3.1/thumb/v7e-m+fp/hard\libgcc.a(_arm_fixunsdfsi.o)
                              build/printf.o (__aeabi_d2uiz)
d:/dev/gnu arm embedded toolchain/gcc-arm-none-eabi-10.3-2021.10/bin/../lib/gcc/arm-none-eabi/10.3.1/thumb/v7e-m+fp/hard\libgcc.a(_aeabi_uldivmod.o)
                              build/stm32f4xx_hal_rcc.o (__aeabi_uldivmod)
d:/dev/gnu arm embedded toolchain/gcc-arm-none-eabi-10.3-2021.10/bin/../lib/gcc/arm-none-eabi/10.3.1/thumb/v7e-m+fp/hard\libgcc.a(_udivmoddi4.o)
                              d:/dev/gnu arm embedded toolchain/gcc-arm-none-eabi-10.3-2021.10/bin/../lib/gcc/arm-none-eabi/10.3.1/thumb/v7e-m+fp/hard\libgcc.a(_aeabi_uldivmod.o) (__udivmoddi4)
d:/dev/gnu arm embedded toolchain/gcc-arm-none-eabi-10.3-2021.10/bin/../lib/gcc/arm-none-eabi/10.3.1/thumb/v7e-m+fp/hard\libgcc.a(_dvmd_tls.o)
                              d:/dev/gnu arm embedded toolchain/gcc-arm-none-eabi-10.3-2021.10/bin/../lib/gcc/arm-none-eabi/10.3.1/thumb/v7e-m+fp/hard\libgcc.a(_aeabi_uldivmod.o) (__aeabi_ldiv0)

Discarded input sections

 .text          0x00000000        0x0 d:/dev/gnu arm embedded toolchain/gcc-arm-none-eabi-10.3-2021.10/bin/../lib/gcc/arm-none-eabi/10.3.1/thumb/v7e-m+fp/hard/crti.o
 .data          0x00000000        0x0 d:/dev/gnu arm embedded toolchain/gcc-arm-none-eabi-10.3-2021.10/bin/../lib/gcc/arm-none-eabi/10.3.1/thumb/v7e-m+fp/hard/crti.o
 .bss           0x00000000        0x0 d:/dev/gnu arm embedded toolchain/gcc-arm-none-eabi-10.3-2021.10/bin/../lib/gcc/arm-none-eabi/10.3.1/thumb/v7e-m+fp/hard/crti.o
 .data          0x00000000        0x4 d:/dev/gnu arm embedded toolchain/gcc-arm-none-eabi-10.3-2021.10/bin/../lib/gcc/arm-none-eabi/10.3.1/thumb/v7e-m+fp/hard/crtbegin.o
 .rodata        0x00000000       0x24 d:/dev/gnu arm embedded toolchain/gcc-arm-none-eabi-10.3-2021.10/bin/../lib/gcc/arm-none-eabi/10.3.1/thumb/v7e-m+fp/hard/crtbegin.o
[...]
Memory Configuration

Name             Origin             Length             Attributes
RAM              0x20000000         0x00010000         xrw
FLASH            0x08000000         0x00040000         xr
*default*        0x00000000         0xffffffff

Linker script and memory map

LOAD d:/dev/gnu arm embedded toolchain/gcc-arm-none-eabi-10.3-2021.10/bin/../lib/gcc/arm-none-eabi/10.3.1/thumb/v7e-m+fp/hard/crti.o
LOAD d:/dev/gnu arm embedded toolchain/gcc-arm-none-eabi-10.3-2021.10/bin/../lib/gcc/arm-none-eabi/10.3.1/thumb/v7e-m+fp/hard/crtbegin.o
LOAD d:/dev/gnu arm embedded toolchain/gcc-arm-none-eabi-10.3-2021.10/bin/../lib/gcc/arm-none-eabi/10.3.1/../../../../arm-none-eabi/lib/thumb/v7e-m+fp/hard/crt0.o
LOAD build/main.o
LOAD build/gpio.o
LOAD build/i2c.o
LOAD build/tim.o
LOAD build/usart.o
LOAD build/stm32f4xx_it.o
LOAD build/stm32f4xx_hal_msp.o
LOAD build/stm32f4xx_hal_i2c.o
LOAD build/stm32f4xx_hal_i2c_ex.o
LOAD build/stm32f4xx_hal_rcc.o
LOAD build/stm32f4xx_hal_rcc_ex.o
LOAD build/stm32f4xx_hal_flash.o
LOAD build/stm32f4xx_hal_flash_ex.o
LOAD build/stm32f4xx_hal_flash_ramfunc.o
LOAD build/stm32f4xx_hal_gpio.o
LOAD build/stm32f4xx_hal_dma_ex.o
LOAD build/stm32f4xx_hal_dma.o
LOAD build/stm32f4xx_hal_pwr.o
LOAD build/stm32f4xx_hal_pwr_ex.o
LOAD build/stm32f4xx_hal_cortex.o
LOAD build/stm32f4xx_hal.o
LOAD build/stm32f4xx_hal_exti.o
LOAD build/stm32f4xx_hal_tim.o
LOAD build/stm32f4xx_hal_tim_ex.o
LOAD build/stm32f4xx_hal_uart.o
LOAD build/system_stm32f4xx.o
LOAD build/sysmem.o
LOAD build/syscalls.o
LOAD build/printf.o
LOAD build/Servo.o
LOAD build/APP.o
LOAD build/startup_stm32f401xc.o
LOAD d:/dev/gnu arm embedded toolchain/gcc-arm-none-eabi-10.3-2021.10/bin/../lib/gcc/arm-none-eabi/10.3.1/../../../../arm-none-eabi/lib/thumb/v7e-m+fp/hard\libc_nano.a
LOAD d:/dev/gnu arm embedded toolchain/gcc-arm-none-eabi-10.3-2021.10/bin/../lib/gcc/arm-none-eabi/10.3.1/../../../../arm-none-eabi/lib/thumb/v7e-m+fp/hard\libm.a
LOAD d:/dev/gnu arm embedded toolchain/gcc-arm-none-eabi-10.3-2021.10/bin/../lib/gcc/arm-none-eabi/10.3.1/../../../../arm-none-eabi/lib/thumb/v7e-m+fp/hard\libnosys.a
START GROUP
LOAD d:/dev/gnu arm embedded toolchain/gcc-arm-none-eabi-10.3-2021.10/bin/../lib/gcc/arm-none-eabi/10.3.1/thumb/v7e-m+fp/hard\libgcc.a
LOAD d:/dev/gnu arm embedded toolchain/gcc-arm-none-eabi-10.3-2021.10/bin/../lib/gcc/arm-none-eabi/10.3.1/../../../../arm-none-eabi/lib/thumb/v7e-m+fp/hard\libc_nano.a
END GROUP
START GROUP
LOAD d:/dev/gnu arm embedded toolchain/gcc-arm-none-eabi-10.3-2021.10/bin/../lib/gcc/arm-none-eabi/10.3.1/thumb/v7e-m+fp/hard\libgcc.a
LOAD d:/dev/gnu arm embedded toolchain/gcc-arm-none-eabi-10.3-2021.10/bin/../lib/gcc/arm-none-eabi/10.3.1/../../../../arm-none-eabi/lib/thumb/v7e-m+fp/hard\libc_nano.a
END GROUP
LOAD d:/dev/gnu arm embedded toolchain/gcc-arm-none-eabi-10.3-2021.10/bin/../lib/gcc/arm-none-eabi/10.3.1/thumb/v7e-m+fp/hard/crtend.o
LOAD d:/dev/gnu arm embedded toolchain/gcc-arm-none-eabi-10.3-2021.10/bin/../lib/gcc/arm-none-eabi/10.3.1/thumb/v7e-m+fp/hard/crtn.o
                0x20010000                _estack = (ORIGIN (RAM) + LENGTH (RAM))
                0x00000200                _Min_Heap_Size = 0x200
                0x00000400                _Min_Stack_Size = 0x400

.isr_vector     0x08000000      0x194
                0x08000000                . = ALIGN (0x4)
 *(.isr_vector)
 .isr_vector    0x08000000      0x194 build/startup_stm32f401xc.o
                0x08000000                g_pfnVectors
                0x08000194                . = ALIGN (0x4)

.text           0x08000198     0x3f04
                0x08000198                . = ALIGN (0x4)
 *(.text)
 .text          0x08000198       0x40 d:/dev/gnu arm embedded toolchain/gcc-arm-none-eabi-10.3-2021.10/bin/../lib/gcc/arm-none-eabi/10.3.1/thumb/v7e-m+fp/hard/crtbegin.o
 .text          0x080001d8      0x378 d:/dev/gnu arm embedded toolchain/gcc-arm-none-eabi-10.3-2021.10/bin/../lib/gcc/arm-none-eabi/10.3.1/thumb/v7e-m+fp/hard\libgcc.a(_arm_addsubdf3.o)
                0x080001d8                __aeabi_drsub
                0x080001e0                __aeabi_dsub
                0x080001e0                __subdf3
                0x080001e4                __aeabi_dadd
                0x080001e4                __adddf3
                0x0800045c                __floatunsidf
                0x0800045c                __aeabi_ui2d
                0x0800047c                __floatsidf
                0x0800047c                __aeabi_i2d
                0x080004a0                __aeabi_f2d
                0x080004a0                __extendsfdf2
                0x080004e4                __floatundidf
                0x080004e4                __aeabi_ul2d
                0x080004f4                __floatdidf
                0x080004f4                __aeabi_l2d
 .text          0x08000550      0x424 d:/dev/gnu arm embedded toolchain/gcc-arm-none-eabi-10.3-2021.10/bin/../lib/gcc/arm-none-eabi/10.3.1/thumb/v7e-m+fp/hard\libgcc.a(_arm_muldivdf3.o)
                0x08000550                __aeabi_dmul
                0x08000550                __muldf3
                0x080007a4                __divdf3
                0x080007a4                __aeabi_ddiv
 .text          0x08000974      0x110 d:/dev/gnu arm embedded toolchain/gcc-arm-none-eabi-10.3-2021.10/bin/../lib/gcc/arm-none-eabi/10.3.1/thumb/v7e-m+fp/hard\libgcc.a(_arm_cmpdf2.o)
                0x08000974                __gtdf2
                0x08000974                __gedf2
                0x0800097c                __ltdf2
                0x0800097c                __ledf2
                0x08000984                __nedf2
                0x08000984                __eqdf2
                0x08000984                __cmpdf2
                0x08000a00                __aeabi_cdrcmple
                0x08000a10                __aeabi_cdcmpeq
                0x08000a10                __aeabi_cdcmple
                0x08000a20                __aeabi_dcmpeq
                0x08000a34                __aeabi_dcmplt
                0x08000a48                __aeabi_dcmple
                0x08000a5c                __aeabi_dcmpge
                0x08000a70                __aeabi_dcmpgt
 .text          0x08000a84       0x50 d:/dev/gnu arm embedded toolchain/gcc-arm-none-eabi-10.3-2021.10/bin/../lib/gcc/arm-none-eabi/10.3.1/thumb/v7e-m+fp/hard\libgcc.a(_arm_fixdfsi.o)
                0x08000a84                __aeabi_d2iz
                0x08000a84                __fixdfsi
 .text          0x08000ad4       0x40 d:/dev/gnu arm embedded toolchain/gcc-arm-none-eabi-10.3-2021.10/bin/../lib/gcc/arm-none-eabi/10.3.1/thumb/v7e-m+fp/hard\libgcc.a(_arm_fixunsdfsi.o)
                0x08000ad4                __aeabi_d2uiz
                0x08000ad4                __fixunsdfsi
 .text          0x08000b14       0x30 d:/dev/gnu arm embedded toolchain/gcc-arm-none-eabi-10.3-2021.10/bin/../lib/gcc/arm-none-eabi/10.3.1/thumb/v7e-m+fp/hard\libgcc.a(_aeabi_uldivmod.o)
                0x08000b14                __aeabi_uldivmod
 .text          0x08000b44      0x2d0 d:/dev/gnu arm embedded toolchain/gcc-arm-none-eabi-10.3-2021.10/bin/../lib/gcc/arm-none-eabi/10.3.1/thumb/v7e-m+fp/hard\libgcc.a(_udivmoddi4.o)
                0x08000b44                __udivmoddi4
 .text          0x08000e14        0x4 d:/dev/gnu arm embedded toolchain/gcc-arm-none-eabi-10.3-2021.10/bin/../lib/gcc/arm-none-eabi/10.3.1/thumb/v7e-m+fp/hard\libgcc.a(_dvmd_tls.o)
                0x08000e14                __aeabi_idiv0
                0x08000e14                __aeabi_ldiv0
 *(.text*)
 .text.Error_Handler
                0x08000e18        0x4 build/main.o
                0x08000e18                Error_Handler
 .text.SystemClock_Config
                0x08000e1c       0xa8 build/main.o
                0x08000e1c                SystemClock_Config
 .text.main     0x08000ec4       0x64 build/main.o
                0x08000ec4                main
 .text.MX_GPIO_Init
                0x08000f28       0x60 build/gpio.o
                0x08000f28                MX_GPIO_Init
 .text.MX_I2C1_Init
                0x08000f88       0x3c build/i2c.o
                0x08000f88                MX_I2C1_Init
 .text.HAL_I2C_MspInit
                0x08000fc4       0x70 build/i2c.o
                0x08000fc4                HAL_I2C_MspInit
 .text.HAL_TIM_Base_MspInit
                0x08001034       0x30 build/tim.o
                0x08001034                HAL_TIM_Base_MspInit
 .text.HAL_TIM_MspPostInit
                0x08001064       0x58 build/tim.o
                0x08001064                HAL_TIM_MspPostInit
 .text.MX_TIM3_Init
                0x080010bc       0xc4 build/tim.o
                0x080010bc                MX_TIM3_Init
 .text._putchar
                0x08001180       0x20 build/usart.o
                0x08001180                _putchar
 .text.MX_USART1_UART_Init
                0x080011a0       0x34 build/usart.o
                0x080011a0                MX_USART1_UART_Init
 .text.HAL_UART_MspInit
                0x080011d4       0x80 build/usart.o
                0x080011d4                HAL_UART_MspInit
 .text.NMI_Handler
                0x08001254        0x2 build/stm32f4xx_it.o
                0x08001254                NMI_Handler
 .text.HardFault_Handler
                0x08001256        0x2 build/stm32f4xx_it.o
                0x08001256                HardFault_Handler
 .text.MemManage_Handler
                0x08001258        0x2 build/stm32f4xx_it.o
                0x08001258                MemManage_Handler
 .text.BusFault_Handler
                0x0800125a        0x2 build/stm32f4xx_it.o
                0x0800125a                BusFault_Handler
 .text.UsageFault_Handler
                0x0800125c        0x2 build/stm32f4xx_it.o
                0x0800125c                UsageFault_Handler
 .text.SVC_Handler
                0x0800125e        0x2 build/stm32f4xx_it.o
                0x0800125e                SVC_Handler
 .text.DebugMon_Handler
                0x08001260        0x2 build/stm32f4xx_it.o
                0x08001260                DebugMon_Handler
 .text.PendSV_Handler
                0x08001262        0x2 build/stm32f4xx_it.o
                0x08001262                PendSV_Handler
 .text.SysTick_Handler
                0x08001264        0x8 build/stm32f4xx_it.o
                0x08001264                SysTick_Handler
 .text.USART1_IRQHandler
                0x0800126c       0x10 build/stm32f4xx_it.o
                0x0800126c                USART1_IRQHandler
 .text.HAL_MspInit
                0x0800127c       0x38 build/stm32f4xx_hal_msp.o
                0x0800127c                HAL_MspInit
 .text.HAL_I2C_Init
                0x080012b4      0x1bc build/stm32f4xx_hal_i2c.o
                0x080012b4                HAL_I2C_Init
 .text.HAL_RCC_OscConfig
                0x08001470      0x3f8 build/stm32f4xx_hal_rcc.o
                0x08001470                HAL_RCC_OscConfig
 .text.HAL_RCC_GetSysClockFreq
                0x08001868       0xa4 build/stm32f4xx_hal_rcc.o
                0x08001868                HAL_RCC_GetSysClockFreq
 .text.HAL_RCC_ClockConfig
                0x0800190c      0x160 build/stm32f4xx_hal_rcc.o
                0x0800190c                HAL_RCC_ClockConfig
 .text.HAL_RCC_GetHCLKFreq
                0x08001a6c        0xc build/stm32f4xx_hal_rcc.o
                0x08001a6c                HAL_RCC_GetHCLKFreq
 .text.HAL_RCC_GetPCLK1Freq
                0x08001a78       0x20 build/stm32f4xx_hal_rcc.o
                0x08001a78                HAL_RCC_GetPCLK1Freq
 .text.HAL_RCC_GetPCLK2Freq
                0x08001a98       0x20 build/stm32f4xx_hal_rcc.o
                0x08001a98                HAL_RCC_GetPCLK2Freq
 .text.HAL_GPIO_Init
                0x08001ab8      0x1c0 build/stm32f4xx_hal_gpio.o
                0x08001ab8                HAL_GPIO_Init
 .text.HAL_DMA_Abort
                0x08001c78       0x94 build/stm32f4xx_hal_dma.o
                0x08001c78                HAL_DMA_Abort
 .text.HAL_DMA_Abort_IT
                0x08001d0c       0x26 build/stm32f4xx_hal_dma.o
                0x08001d0c                HAL_DMA_Abort_IT
 *fill*         0x08001d32        0x2 
 .text.HAL_NVIC_SetPriorityGrouping
                0x08001d34       0x24 build/stm32f4xx_hal_cortex.o
                0x08001d34                HAL_NVIC_SetPriorityGrouping
 .text.HAL_NVIC_SetPriority
                0x08001d58       0x70 build/stm32f4xx_hal_cortex.o
                0x08001d58                HAL_NVIC_SetPriority
 .text.HAL_NVIC_EnableIRQ
                0x08001dc8       0x1c build/stm32f4xx_hal_cortex.o
                0x08001dc8                HAL_NVIC_EnableIRQ
 .text.HAL_SYSTICK_Config
                0x08001de4       0x28 build/stm32f4xx_hal_cortex.o
                0x08001de4                HAL_SYSTICK_Config
 .text.HAL_InitTick
                0x08001e0c       0x4c build/stm32f4xx_hal.o
                0x08001e0c                HAL_InitTick
 .text.HAL_Init
                0x08001e58       0x34 build/stm32f4xx_hal.o
                0x08001e58                HAL_Init
 .text.HAL_IncTick
                0x08001e8c       0x18 build/stm32f4xx_hal.o
                0x08001e8c                HAL_IncTick
 .text.HAL_GetTick
                0x08001ea4        0xc build/stm32f4xx_hal.o
                0x08001ea4                HAL_GetTick
 .text.HAL_Delay
                0x08001eb0       0x28 build/stm32f4xx_hal.o
                0x08001eb0                HAL_Delay
 .text.TIM_OC1_SetConfig
                0x08001ed8       0x5c build/stm32f4xx_hal_tim.o
 .text.TIM_OC3_SetConfig
                0x08001f34       0x64 build/stm32f4xx_hal_tim.o
 .text.TIM_OC4_SetConfig
                0x08001f98       0x48 build/stm32f4xx_hal_tim.o
 .text.TIM_TI1_ConfigInputStage
                0x08001fe0       0x26 build/stm32f4xx_hal_tim.o
 .text.TIM_TI2_ConfigInputStage
                0x08002006       0x28 build/stm32f4xx_hal_tim.o
 .text.TIM_ITRx_SetConfig
                0x0800202e       0x10 build/stm32f4xx_hal_tim.o
 .text.HAL_TIM_PWM_MspInit
                0x0800203e        0x2 build/stm32f4xx_hal_tim.o
                0x0800203e                HAL_TIM_PWM_MspInit
 .text.TIM_Base_SetConfig
                0x08002040       0xac build/stm32f4xx_hal_tim.o
                0x08002040                TIM_Base_SetConfig
 .text.HAL_TIM_Base_Init
                0x080020ec       0x58 build/stm32f4xx_hal_tim.o
                0x080020ec                HAL_TIM_Base_Init
 .text.HAL_TIM_PWM_Init
                0x08002144       0x58 build/stm32f4xx_hal_tim.o
                0x08002144                HAL_TIM_PWM_Init
 .text.TIM_OC2_SetConfig
                0x0800219c       0x64 build/stm32f4xx_hal_tim.o
                0x0800219c                TIM_OC2_SetConfig
 .text.HAL_TIM_PWM_ConfigChannel
                0x08002200       0xdc build/stm32f4xx_hal_tim.o
                0x08002200                HAL_TIM_PWM_ConfigChannel
 .text.TIM_ETR_SetConfig
                0x080022dc       0x1a build/stm32f4xx_hal_tim.o
                0x080022dc                TIM_ETR_SetConfig
 .text.HAL_TIM_ConfigClockSource
                0x080022f6       0xfe build/stm32f4xx_hal_tim.o
                0x080022f6                HAL_TIM_ConfigClockSource
 .text.TIM_CCxChannelCmd
                0x080023f4       0x1e build/stm32f4xx_hal_tim.o
                0x080023f4                TIM_CCxChannelCmd
 *fill*         0x08002412        0x2 
 .text.HAL_TIM_PWM_Start
                0x08002414       0xf0 build/stm32f4xx_hal_tim.o
                0x08002414                HAL_TIM_PWM_Start
 .text.HAL_TIMEx_MasterConfigSynchronization
                0x08002504       0x7c build/stm32f4xx_hal_tim_ex.o
                0x08002504                HAL_TIMEx_MasterConfigSynchronization
 .text.UART_EndRxTransfer
                0x08002580       0x5c build/stm32f4xx_hal_uart.o
 .text.UART_Transmit_IT
                0x080025dc       0x60 build/stm32f4xx_hal_uart.o
 .text.UART_SetConfig
                0x0800263c      0x110 build/stm32f4xx_hal_uart.o
 .text.UART_WaitOnFlagUntilTimeout
                0x0800274c       0x8a build/stm32f4xx_hal_uart.o
 .text.HAL_UART_Init
                0x080027d6       0x60 build/stm32f4xx_hal_uart.o
                0x080027d6                HAL_UART_Init
 .text.HAL_UART_Transmit
                0x08002836       0xcc build/stm32f4xx_hal_uart.o
                0x08002836                HAL_UART_Transmit
 .text.HAL_UART_TxCpltCallback
                0x08002902        0x2 build/stm32f4xx_hal_uart.o
                0x08002902                HAL_UART_TxCpltCallback
 .text.UART_EndTransmit_IT
                0x08002904       0x1a build/stm32f4xx_hal_uart.o
 .text.HAL_UART_RxCpltCallback
                0x0800291e        0x2 build/stm32f4xx_hal_uart.o
                0x0800291e                HAL_UART_RxCpltCallback
 .text.HAL_UART_ErrorCallback
                0x08002920        0x2 build/stm32f4xx_hal_uart.o
                0x08002920                HAL_UART_ErrorCallback
 .text.UART_DMAAbortOnError
                0x08002922       0x10 build/stm32f4xx_hal_uart.o
 .text.HAL_UARTEx_RxEventCallback
                0x08002932        0x2 build/stm32f4xx_hal_uart.o
                0x08002932                HAL_UARTEx_RxEventCallback
 .text.UART_Receive_IT
                0x08002934       0xe6 build/stm32f4xx_hal_uart.o
 *fill*         0x08002a1a        0x2 
 .text.HAL_UART_IRQHandler
                0x08002a1c      0x288 build/stm32f4xx_hal_uart.o
                0x08002a1c                HAL_UART_IRQHandler
 .text.SystemInit
                0x08002ca4       0x14 build/system_stm32f4xx.o
                0x08002ca4                SystemInit
 .text._out_null
                0x08002cb8        0x2 build/printf.o
 .text._atoi    0x08002cba       0x24 build/printf.o
 .text._out_rev
                0x08002cde       0x7e build/printf.o
 .text._ntoa_format
                0x08002d5c      0x138 build/printf.o
 .text._ntoa_long
                0x08002e94       0x94 build/printf.o
 .text._ntoa_long_long
                0x08002f28       0xc6 build/printf.o
 *fill*         0x08002fee        0x2 
 .text._etoa    0x08002ff0      0x3ec build/printf.o
 *fill*         0x080033dc        0x4 
 .text._ftoa    0x080033e0      0x398 build/printf.o
 .text._vsnprintf
                0x08003778      0x680 build/printf.o
 .text._out_char
                0x08003df8        0xc build/printf.o
 .text.printf_  0x08003e04       0x2c build/printf.o
                0x08003e04                printf_
 .text.Servo_Set_Abso_Angle
                0x08003e30       0x80 build/Servo.o
                0x08003e30                Servo_Set_Abso_Angle
 .text.Servo_Init
                0x08003eb0       0x30 build/Servo.o
                0x08003eb0                Servo_Init
 .text.Servo_Set_Relat_Angle
                0x08003ee0       0x6a build/Servo.o
                0x08003ee0                Servo_Set_Relat_Angle
 *fill*         0x08003f4a        0x2 
 .text.APP_Init
                0x08003f4c       0x88 build/APP.o
                0x08003f4c                APP_Init
 .text.APP_Run  0x08003fd4        0x2 build/APP.o
                0x08003fd4                APP_Run
 *fill*         0x08003fd6        0x2 
 .text.Reset_Handler
                0x08003fd8       0x50 build/startup_stm32f401xc.o
                0x08003fd8                Reset_Handler
 .text.Default_Handler
                0x08004028        0x2 build/startup_stm32f401xc.o
                0x08004028                RTC_Alarm_IRQHandler
                0x08004028                EXTI2_IRQHandler
                0x08004028                SPI4_IRQHandler
                0x08004028                TIM1_CC_IRQHandler
                0x08004028                DMA2_Stream5_IRQHandler
                0x08004028                DMA1_Stream5_IRQHandler
                0x08004028                PVD_IRQHandler
                0x08004028                SDIO_IRQHandler
                0x08004028                TAMP_STAMP_IRQHandler
                0x08004028                EXTI3_IRQHandler
                0x08004028                TIM1_UP_TIM10_IRQHandler
                0x08004028                I2C3_ER_IRQHandler
                0x08004028                EXTI0_IRQHandler
                0x08004028                I2C2_EV_IRQHandler
                0x08004028                DMA1_Stream2_IRQHandler
                0x08004028                FPU_IRQHandler
                0x08004028                DMA2_Stream2_IRQHandler
                0x08004028                SPI1_IRQHandler
                0x08004028                TIM1_BRK_TIM9_IRQHandler
                0x08004028                DMA2_Stream3_IRQHandler
                0x08004028                USART6_IRQHandler
                0x08004028                DMA2_Stream0_IRQHandler
                0x08004028                TIM4_IRQHandler
                0x08004028                I2C1_EV_IRQHandler
                0x08004028                DMA1_Stream6_IRQHandler
                0x08004028                DMA1_Stream1_IRQHandler
                0x08004028                TIM3_IRQHandler
                0x08004028                RCC_IRQHandler
                0x08004028                Default_Handler
                0x08004028                EXTI15_10_IRQHandler
                0x08004028                ADC_IRQHandler
                0x08004028                DMA1_Stream7_IRQHandler
                0x08004028                TIM5_IRQHandler
                0x08004028                DMA2_Stream7_IRQHandler
                0x08004028                I2C3_EV_IRQHandler
                0x08004028                EXTI9_5_IRQHandler
                0x08004028                RTC_WKUP_IRQHandler
                0x08004028                SPI2_IRQHandler
                0x08004028                DMA1_Stream0_IRQHandler
                0x08004028                EXTI4_IRQHandler
                0x08004028                WWDG_IRQHandler
                0x08004028                TIM2_IRQHandler
                0x08004028                OTG_FS_WKUP_IRQHandler
                0x08004028                TIM1_TRG_COM_TIM11_IRQHandler
                0x08004028                EXTI1_IRQHandler
                0x08004028                USART2_IRQHandler
                0x08004028                I2C2_ER_IRQHandler
                0x08004028                DMA2_Stream1_IRQHandler
                0x08004028                FLASH_IRQHandler
                0x08004028                DMA2_Stream4_IRQHandler
                0x08004028                OTG_FS_IRQHandler
                0x08004028                SPI3_IRQHandler
                0x08004028                DMA1_Stream4_IRQHandler
                0x08004028                I2C1_ER_IRQHandler
                0x08004028                DMA2_Stream6_IRQHandler
                0x08004028                DMA1_Stream3_IRQHandler
 *fill*         0x0800402a        0x2 
 .text.__libc_init_array
                0x0800402c       0x48 d:/dev/gnu arm embedded toolchain/gcc-arm-none-eabi-10.3-2021.10/bin/../lib/gcc/arm-none-eabi/10.3.1/../../../../arm-none-eabi/lib/thumb/v7e-m+fp/hard\libc_nano.a(lib_a-init.o)
                0x0800402c                __libc_init_array
 .text.memset   0x08004074       0x10 d:/dev/gnu arm embedded toolchain/gcc-arm-none-eabi-10.3-2021.10/bin/../lib/gcc/arm-none-eabi/10.3.1/../../../../arm-none-eabi/lib/thumb/v7e-m+fp/hard\libc_nano.a(lib_a-memset.o)
                0x08004074                memset
 *(.glue_7)
 .glue_7        0x08004084        0x0 linker stubs
 *(.glue_7t)
 .glue_7t       0x08004084        0x0 linker stubs
 *(.eh_frame)
 .eh_frame      0x08004084        0x0 d:/dev/gnu arm embedded toolchain/gcc-arm-none-eabi-10.3-2021.10/bin/../lib/gcc/arm-none-eabi/10.3.1/thumb/v7e-m+fp/hard/crtbegin.o
 *(.init)
 .init          0x08004084        0x4 d:/dev/gnu arm embedded toolchain/gcc-arm-none-eabi-10.3-2021.10/bin/../lib/gcc/arm-none-eabi/10.3.1/thumb/v7e-m+fp/hard/crti.o
                0x08004084                _init
 .init          0x08004088        0x8 d:/dev/gnu arm embedded toolchain/gcc-arm-none-eabi-10.3-2021.10/bin/../lib/gcc/arm-none-eabi/10.3.1/thumb/v7e-m+fp/hard/crtn.o
 *(.fini)
 .fini          0x08004090        0x4 d:/dev/gnu arm embedded toolchain/gcc-arm-none-eabi-10.3-2021.10/bin/../lib/gcc/arm-none-eabi/10.3.1/thumb/v7e-m+fp/hard/crti.o
                0x08004090                _fini
 .fini          0x08004094        0x8 d:/dev/gnu arm embedded toolchain/gcc-arm-none-eabi-10.3-2021.10/bin/../lib/gcc/arm-none-eabi/10.3.1/thumb/v7e-m+fp/hard/crtn.o
                0x0800409c                . = ALIGN (0x4)
                0x0800409c                _etext = .

.vfp11_veneer   0x0800409c        0x0
 .vfp11_veneer  0x0800409c        0x0 linker stubs

.v4_bx          0x0800409c        0x0
 .v4_bx         0x0800409c        0x0 linker stubs

.iplt           0x0800409c        0x0
 .iplt          0x0800409c        0x0 d:/dev/gnu arm embedded toolchain/gcc-arm-none-eabi-10.3-2021.10/bin/../lib/gcc/arm-none-eabi/10.3.1/thumb/v7e-m+fp/hard/crtbegin.o

.rodata         0x080040a0       0x90
                0x080040a0                . = ALIGN (0x4)
 *(.rodata)
 *(.rodata*)
 .rodata.AHBPrescTable
                0x080040a0       0x10 build/system_stm32f4xx.o
                0x080040a0                AHBPrescTable
 .rodata.APBPrescTable
                0x080040b0        0x8 build/system_stm32f4xx.o
                0x080040b0                APBPrescTable
 .rodata._ftoa.str1.4
                0x080040b8       0x15 build/printf.o
 *fill*         0x080040cd        0x3 
 .rodata.pow10.0
                0x080040d0       0x50 build/printf.o
 .rodata.APP_Init.str1.4
                0x08004120        0xf build/APP.o
                0x08004130                . = ALIGN (0x4)
 *fill*         0x0800412f        0x1 

.ARM.extab
 *(.ARM.extab* .gnu.linkonce.armextab.*)

.ARM            0x08004130        0x8
                0x08004130                __exidx_start = .
 *(.ARM.exidx*)
 .ARM.exidx     0x08004130        0x8 d:/dev/gnu arm embedded toolchain/gcc-arm-none-eabi-10.3-2021.10/bin/../lib/gcc/arm-none-eabi/10.3.1/thumb/v7e-m+fp/hard\libgcc.a(_udivmoddi4.o)
                0x08004138                __exidx_end = .

.rel.dyn        0x08004138        0x0
 .rel.iplt      0x08004138        0x0 d:/dev/gnu arm embedded toolchain/gcc-arm-none-eabi-10.3-2021.10/bin/../lib/gcc/arm-none-eabi/10.3.1/thumb/v7e-m+fp/hard/crtbegin.o

.preinit_array  0x08004138        0x0
                0x08004138                PROVIDE (__preinit_array_start = .)
 *(.preinit_array*)
                0x08004138                PROVIDE (__preinit_array_end = .)

.init_array     0x08004138        0x4
                0x08004138                PROVIDE (__init_array_start = .)
 *(SORT_BY_NAME(.init_array.*))
 *(.init_array*)
 .init_array    0x08004138        0x4 d:/dev/gnu arm embedded toolchain/gcc-arm-none-eabi-10.3-2021.10/bin/../lib/gcc/arm-none-eabi/10.3.1/thumb/v7e-m+fp/hard/crtbegin.o
                0x0800413c                PROVIDE (__init_array_end = .)

.fini_array     0x0800413c        0x4
                [!provide]                PROVIDE (__fini_array_start = .)
 *(SORT_BY_NAME(.fini_array.*))
 *(.fini_array*)
 .fini_array    0x0800413c        0x4 d:/dev/gnu arm embedded toolchain/gcc-arm-none-eabi-10.3-2021.10/bin/../lib/gcc/arm-none-eabi/10.3.1/thumb/v7e-m+fp/hard/crtbegin.o
                [!provide]                PROVIDE (__fini_array_end = .)
                0x08004140                _sidata = LOADADDR (.data)

.data           0x20000000        0xc load address 0x08004140
                0x20000000                . = ALIGN (0x4)
                0x20000000                _sdata = .
 *(.data)
 *(.data*)
 .data.uwTickFreq
                0x20000000        0x1 build/stm32f4xx_hal.o
                0x20000000                uwTickFreq
 *fill*         0x20000001        0x3 
 .data.uwTickPrio
                0x20000004        0x4 build/stm32f4xx_hal.o
                0x20000004                uwTickPrio
 .data.SystemCoreClock
                0x20000008        0x4 build/system_stm32f4xx.o
                0x20000008                SystemCoreClock
                0x2000000c                . = ALIGN (0x4)
                0x2000000c                _edata = .

.igot.plt       0x2000000c        0x0 load address 0x0800414c
 .igot.plt      0x2000000c        0x0 d:/dev/gnu arm embedded toolchain/gcc-arm-none-eabi-10.3-2021.10/bin/../lib/gcc/arm-none-eabi/10.3.1/thumb/v7e-m+fp/hard/crtbegin.o
                0x2000000c                . = ALIGN (0x4)

.bss            0x2000000c      0x134 load address 0x0800414c
                0x2000000c                _sbss = .
                0x2000000c                __bss_start__ = _sbss
 *(.bss)
 .bss           0x2000000c       0x1c d:/dev/gnu arm embedded toolchain/gcc-arm-none-eabi-10.3-2021.10/bin/../lib/gcc/arm-none-eabi/10.3.1/thumb/v7e-m+fp/hard/crtbegin.o
 *(.bss*)
 .bss.hi2c1     0x20000028       0x54 build/i2c.o
                0x20000028                hi2c1
 .bss.htim3     0x2000007c       0x48 build/tim.o
                0x2000007c                htim3
 .bss.huart1    0x200000c4       0x48 build/usart.o
                0x200000c4                huart1
 .bss.uwTick    0x2000010c        0x4 build/stm32f4xx_hal.o
                0x2000010c                uwTick
 .bss.ServoPitch
                0x20000110       0x18 build/Servo.o
                0x20000110                ServoPitch
 .bss.ServoYaw  0x20000128       0x18 build/Servo.o
                0x20000128                ServoYaw
 *(COMMON)
                0x20000140                . = ALIGN (0x4)
                0x20000140                _ebss = .
                0x20000140                __bss_end__ = _ebss

._user_heap_stack
                0x20000140      0x600 load address 0x0800414c
                0x20000140                . = ALIGN (0x8)
                [!provide]                PROVIDE (end = .)
                0x20000140                PROVIDE (_end = .)
                0x20000340                . = (. + _Min_Heap_Size)
 *fill*         0x20000140      0x200 
                0x20000740                . = (. + _Min_Stack_Size)
 *fill*         0x20000340      0x400 
                0x20000740                . = ALIGN (0x8)

/DISCARD/
 libc.a(*)
 libm.a(*)
 libgcc.a(*)

.ARM.attributes
                0x00000000       0x30
 *(.ARM.attributes)
 .ARM.attributes
                0x00000000       0x1e d:/dev/gnu arm embedded toolchain/gcc-arm-none-eabi-10.3-2021.10/bin/../lib/gcc/arm-none-eabi/10.3.1/thumb/v7e-m+fp/hard/crti.o
 .ARM.attributes
                0x0000001e       0x34 d:/dev/gnu arm embedded toolchain/gcc-arm-none-eabi-10.3-2021.10/bin/../lib/gcc/arm-none-eabi/10.3.1/thumb/v7e-m+fp/hard/crtbegin.o
 .ARM.attributes
                0x00000052       0x34 build/main.o
 .ARM.attributes
                0x00000086       0x34 build/gpio.o
 .ARM.attributes
                0x000000ba       0x34 build/i2c.o
 .ARM.attributes
                0x000000ee       0x34 build/tim.o
 .ARM.attributes
                0x00000122       0x34 build/usart.o
 .ARM.attributes
                0x00000156       0x34 build/stm32f4xx_it.o
 .ARM.attributes
                0x0000018a       0x34 build/stm32f4xx_hal_msp.o
 .ARM.attributes
                0x000001be       0x34 build/stm32f4xx_hal_i2c.o
 .ARM.attributes
                0x000001f2       0x34 build/stm32f4xx_hal_rcc.o
 .ARM.attributes
                0x00000226       0x34 build/stm32f4xx_hal_gpio.o
 .ARM.attributes
                0x0000025a       0x34 build/stm32f4xx_hal_dma.o
 .ARM.attributes
                0x0000028e       0x34 build/stm32f4xx_hal_cortex.o
 .ARM.attributes
                0x000002c2       0x34 build/stm32f4xx_hal.o
 .ARM.attributes
                0x000002f6       0x34 build/stm32f4xx_hal_tim.o
 .ARM.attributes
                0x0000032a       0x34 build/stm32f4xx_hal_tim_ex.o
 .ARM.attributes
                0x0000035e       0x34 build/stm32f4xx_hal_uart.o
 .ARM.attributes
                0x00000392       0x34 build/system_stm32f4xx.o
 .ARM.attributes
                0x000003c6       0x34 build/printf.o
 .ARM.attributes
                0x000003fa       0x34 build/Servo.o
 .ARM.attributes
                0x0000042e       0x34 build/APP.o
 .ARM.attributes
                0x00000462       0x21 build/startup_stm32f401xc.o
 .ARM.attributes
                0x00000483       0x34 d:/dev/gnu arm embedded toolchain/gcc-arm-none-eabi-10.3-2021.10/bin/../lib/gcc/arm-none-eabi/10.3.1/../../../../arm-none-eabi/lib/thumb/v7e-m+fp/hard\libc_nano.a(lib_a-init.o)
 .ARM.attributes
                0x000004b7       0x34 d:/dev/gnu arm embedded toolchain/gcc-arm-none-eabi-10.3-2021.10/bin/../lib/gcc/arm-none-eabi/10.3.1/../../../../arm-none-eabi/lib/thumb/v7e-m+fp/hard\libc_nano.a(lib_a-memset.o)
 .ARM.attributes
                0x000004eb       0x1e d:/dev/gnu arm embedded toolchain/gcc-arm-none-eabi-10.3-2021.10/bin/../lib/gcc/arm-none-eabi/10.3.1/thumb/v7e-m+fp/hard\libgcc.a(_arm_addsubdf3.o)
 .ARM.attributes
                0x00000509       0x1e d:/dev/gnu arm embedded toolchain/gcc-arm-none-eabi-10.3-2021.10/bin/../lib/gcc/arm-none-eabi/10.3.1/thumb/v7e-m+fp/hard\libgcc.a(_arm_muldivdf3.o)
 .ARM.attributes
                0x00000527       0x1e d:/dev/gnu arm embedded toolchain/gcc-arm-none-eabi-10.3-2021.10/bin/../lib/gcc/arm-none-eabi/10.3.1/thumb/v7e-m+fp/hard\libgcc.a(_arm_cmpdf2.o)
 .ARM.attributes
                0x00000545       0x1e d:/dev/gnu arm embedded toolchain/gcc-arm-none-eabi-10.3-2021.10/bin/../lib/gcc/arm-none-eabi/10.3.1/thumb/v7e-m+fp/hard\libgcc.a(_arm_fixdfsi.o)
 .ARM.attributes
                0x00000563       0x1e d:/dev/gnu arm embedded toolchain/gcc-arm-none-eabi-10.3-2021.10/bin/../lib/gcc/arm-none-eabi/10.3.1/thumb/v7e-m+fp/hard\libgcc.a(_arm_fixunsdfsi.o)
 .ARM.attributes
                0x00000581       0x1e d:/dev/gnu arm embedded toolchain/gcc-arm-none-eabi-10.3-2021.10/bin/../lib/gcc/arm-none-eabi/10.3.1/thumb/v7e-m+fp/hard\libgcc.a(_aeabi_uldivmod.o)
 .ARM.attributes
                0x0000059f       0x34 d:/dev/gnu arm embedded toolchain/gcc-arm-none-eabi-10.3-2021.10/bin/../lib/gcc/arm-none-eabi/10.3.1/thumb/v7e-m+fp/hard\libgcc.a(_udivmoddi4.o)
 .ARM.attributes
                0x000005d3       0x1e d:/dev/gnu arm embedded toolchain/gcc-arm-none-eabi-10.3-2021.10/bin/../lib/gcc/arm-none-eabi/10.3.1/thumb/v7e-m+fp/hard\libgcc.a(_dvmd_tls.o)
 .ARM.attributes
                0x000005f1       0x1e d:/dev/gnu arm embedded toolchain/gcc-arm-none-eabi-10.3-2021.10/bin/../lib/gcc/arm-none-eabi/10.3.1/thumb/v7e-m+fp/hard/crtn.o
OUTPUT(build/Servo.elf elf32-littlearm)
LOAD linker stubs
LOAD d:/dev/gnu arm embedded toolchain/gcc-arm-none-eabi-10.3-2021.10/bin/../lib/gcc/arm-none-eabi/10.3.1/../../../../arm-none-eabi/lib/thumb/v7e-m+fp/hard\libc.a
LOAD d:/dev/gnu arm embedded toolchain/gcc-arm-none-eabi-10.3-2021.10/bin/../lib/gcc/arm-none-eabi/10.3.1/../../../../arm-none-eabi/lib/thumb/v7e-m+fp/hard\libm.a
LOAD d:/dev/gnu arm embedded toolchain/gcc-arm-none-eabi-10.3-2021.10/bin/../lib/gcc/arm-none-eabi/10.3.1/thumb/v7e-m+fp/hard\libgcc.a

.debug_info     0x00000000    0x18f16
 .debug_info    0x00000000      0xe4c build/main.o
 .debug_info    0x00000e4c      0x357 build/gpio.o
 .debug_info    0x000011a3      0xb88 build/i2c.o
 .debug_info    0x00001d2b      0xe37 build/tim.o
 .debug_info    0x00002b62      0xd76 build/usart.o
 .debug_info    0x000038d8      0x73c build/stm32f4xx_it.o
 .debug_info    0x00004014      0x31d build/stm32f4xx_hal_msp.o
 .debug_info    0x00004331     0x3b97 build/stm32f4xx_hal_i2c.o
 .debug_info    0x00007ec8      0xc12 build/stm32f4xx_hal_rcc.o
 .debug_info    0x00008ada      0x872 build/stm32f4xx_hal_gpio.o
 .debug_info    0x0000934c      0xbc9 build/stm32f4xx_hal_dma.o
 .debug_info    0x00009f15     0x1130 build/stm32f4xx_hal_cortex.o
 .debug_info    0x0000b045      0xa5f build/stm32f4xx_hal.o
 .debug_info    0x0000baa4     0x40c4 build/stm32f4xx_hal_tim.o
 .debug_info    0x0000fb68     0x1c87 build/stm32f4xx_hal_tim_ex.o
 .debug_info    0x000117ef     0x4326 build/stm32f4xx_hal_uart.o
 .debug_info    0x00015b15      0x5e5 build/system_stm32f4xx.o
 .debug_info    0x000160fa     0x1bc5 build/printf.o
 .debug_info    0x00017cbf      0x977 build/Servo.o
 .debug_info    0x00018636      0x8be build/APP.o
 .debug_info    0x00018ef4       0x22 build/startup_stm32f401xc.o

.debug_abbrev   0x00000000     0x2cec
 .debug_abbrev  0x00000000      0x22f build/main.o
 .debug_abbrev  0x0000022f       0xd3 build/gpio.o
 .debug_abbrev  0x00000302      0x1d7 build/i2c.o
 .debug_abbrev  0x000004d9      0x220 build/tim.o
 .debug_abbrev  0x000006f9      0x1fb build/usart.o
 .debug_abbrev  0x000008f4      0x183 build/stm32f4xx_it.o
 .debug_abbrev  0x00000a77       0xd3 build/stm32f4xx_hal_msp.o
 .debug_abbrev  0x00000b4a      0x304 build/stm32f4xx_hal_i2c.o
 .debug_abbrev  0x00000e4e      0x2aa build/stm32f4xx_hal_rcc.o
 .debug_abbrev  0x000010f8      0x22b build/stm32f4xx_hal_gpio.o
 .debug_abbrev  0x00001323      0x2bf build/stm32f4xx_hal_dma.o
 .debug_abbrev  0x000015e2      0x379 build/stm32f4xx_hal_cortex.o
 .debug_abbrev  0x0000195b      0x23a build/stm32f4xx_hal.o
 .debug_abbrev  0x00001b95      0x29a build/stm32f4xx_hal_tim.o
 .debug_abbrev  0x00001e2f      0x2b0 build/stm32f4xx_hal_tim_ex.o
 .debug_abbrev  0x000020df      0x367 build/stm32f4xx_hal_uart.o
 .debug_abbrev  0x00002446      0x11b build/system_stm32f4xx.o
 .debug_abbrev  0x00002561      0x3d1 build/printf.o
 .debug_abbrev  0x00002932      0x1ee build/Servo.o
 .debug_abbrev  0x00002b20      0x1ba build/APP.o
 .debug_abbrev  0x00002cda       0x12 build/startup_stm32f401xc.o

.debug_loc      0x00000000    0x167db
 .debug_loc     0x00000000       0x66 build/main.o
 .debug_loc     0x00000066       0x2c build/gpio.o
 .debug_loc     0x00000092       0xeb build/i2c.o
 .debug_loc     0x0000017d       0xf8 build/tim.o
 .debug_loc     0x00000275      0x163 build/usart.o
 .debug_loc     0x000003d8       0x40 build/stm32f4xx_it.o
 .debug_loc     0x00000418       0x2c build/stm32f4xx_hal_msp.o
 .debug_loc     0x00000444     0x4e61 build/stm32f4xx_hal_i2c.o
 .debug_loc     0x000052a5      0x6e4 build/stm32f4xx_hal_rcc.o
 .debug_loc     0x00005989      0x5e8 build/stm32f4xx_hal_gpio.o
 .debug_loc     0x00005f71      0xd6d build/stm32f4xx_hal_dma.o
 .debug_loc     0x00006cde      0x7a4 build/stm32f4xx_hal_cortex.o
 .debug_loc     0x00007482      0x1e1 build/stm32f4xx_hal.o
 .debug_loc     0x00007663     0x5cc1 build/stm32f4xx_hal_tim.o
 .debug_loc     0x0000d324     0x212a build/stm32f4xx_hal_tim_ex.o
 .debug_loc     0x0000f44e     0x4d30 build/stm32f4xx_hal_uart.o
 .debug_loc     0x0001417e      0x158 build/system_stm32f4xx.o
 .debug_loc     0x000142d6     0x2213 build/printf.o
 .debug_loc     0x000164e9      0x2a2 build/Servo.o
 .debug_loc     0x0001678b       0x50 build/APP.o

.debug_aranges  0x00000000      0xfd0
 .debug_aranges
                0x00000000       0x30 build/main.o
 .debug_aranges
                0x00000030       0x20 build/gpio.o
 .debug_aranges
                0x00000050       0x30 build/i2c.o
 .debug_aranges
                0x00000080       0x38 build/tim.o
 .debug_aranges
                0x000000b8       0x38 build/usart.o
 .debug_aranges
                0x000000f0       0x68 build/stm32f4xx_it.o
 .debug_aranges
                0x00000158       0x20 build/stm32f4xx_hal_msp.o
 .debug_aranges
                0x00000178      0x2a8 build/stm32f4xx_hal_i2c.o
 .debug_aranges
                0x00000420       0x88 build/stm32f4xx_hal_rcc.o
 .debug_aranges
                0x000004a8       0x58 build/stm32f4xx_hal_gpio.o
 .debug_aranges
                0x00000500       0x90 build/stm32f4xx_hal_dma.o
 .debug_aranges
                0x00000590       0xc0 build/stm32f4xx_hal_cortex.o
 .debug_aranges
                0x00000650       0xf0 build/stm32f4xx_hal.o
 .debug_aranges
                0x00000740      0x3d0 build/stm32f4xx_hal_tim.o
 .debug_aranges
                0x00000b10      0x168 build/stm32f4xx_hal_tim_ex.o
 .debug_aranges
                0x00000c78      0x208 build/stm32f4xx_hal_uart.o
 .debug_aranges
                0x00000e80       0x28 build/system_stm32f4xx.o
 .debug_aranges
                0x00000ea8       0xa8 build/printf.o
 .debug_aranges
                0x00000f50       0x30 build/Servo.o
 .debug_aranges
                0x00000f80       0x28 build/APP.o
 .debug_aranges
                0x00000fa8       0x28 build/startup_stm32f401xc.o

.debug_ranges   0x00000000      0xfe8
 .debug_ranges  0x00000000       0x20 build/main.o
 .debug_ranges  0x00000020       0x10 build/gpio.o
 .debug_ranges  0x00000030       0x20 build/i2c.o
 .debug_ranges  0x00000050       0x28 build/tim.o
 .debug_ranges  0x00000078       0x28 build/usart.o
 .debug_ranges  0x000000a0       0x58 build/stm32f4xx_it.o
 .debug_ranges  0x000000f8       0x10 build/stm32f4xx_hal_msp.o
 .debug_ranges  0x00000108      0x2b0 build/stm32f4xx_hal_i2c.o
 .debug_ranges  0x000003b8       0x90 build/stm32f4xx_hal_rcc.o
 .debug_ranges  0x00000448       0x48 build/stm32f4xx_hal_gpio.o
 .debug_ranges  0x00000490       0x80 build/stm32f4xx_hal_dma.o
 .debug_ranges  0x00000510      0x110 build/stm32f4xx_hal_cortex.o
 .debug_ranges  0x00000620       0xe0 build/stm32f4xx_hal.o
 .debug_ranges  0x00000700      0x3c0 build/stm32f4xx_hal_tim.o
 .debug_ranges  0x00000ac0      0x158 build/stm32f4xx_hal_tim_ex.o
 .debug_ranges  0x00000c18      0x210 build/stm32f4xx_hal_uart.o
 .debug_ranges  0x00000e28       0x18 build/system_stm32f4xx.o
 .debug_ranges  0x00000e40      0x150 build/printf.o
 .debug_ranges  0x00000f90       0x20 build/Servo.o
 .debug_ranges  0x00000fb0       0x18 build/APP.o
 .debug_ranges  0x00000fc8       0x20 build/startup_stm32f401xc.o

.debug_line     0x00000000    0x1587e
 .debug_line    0x00000000      0x3b9 build/main.o
 .debug_line    0x000003b9      0x175 build/gpio.o
 .debug_line    0x0000052e      0x2e2 build/i2c.o
 .debug_line    0x00000810      0x38a build/tim.o
 .debug_line    0x00000b9a      0x31e build/usart.o
 .debug_line    0x00000eb8      0x2ee build/stm32f4xx_it.o
 .debug_line    0x000011a6      0x176 build/stm32f4xx_hal_msp.o
 .debug_line    0x0000131c     0x548f build/stm32f4xx_hal_i2c.o
 .debug_line    0x000067ab      0xb64 build/stm32f4xx_hal_rcc.o
 .debug_line    0x0000730f      0x6df build/stm32f4xx_hal_gpio.o
 .debug_line    0x000079ee      0xe41 build/stm32f4xx_hal_dma.o
 .debug_line    0x0000882f      0x7c8 build/stm32f4xx_hal_cortex.o
 .debug_line    0x00008ff7      0x581 build/stm32f4xx_hal.o
 .debug_line    0x00009578     0x4a0a build/stm32f4xx_hal_tim.o
 .debug_line    0x0000df82     0x1c68 build/stm32f4xx_hal_tim_ex.o
 .debug_line    0x0000fbea     0x42d7 build/stm32f4xx_hal_uart.o
 .debug_line    0x00013ec1      0x26c build/system_stm32f4xx.o
 .debug_line    0x0001412d     0x1211 build/printf.o
 .debug_line    0x0001533e      0x2b0 build/Servo.o
 .debug_line    0x000155ee      0x21a build/APP.o
 .debug_line    0x00015808       0x76 build/startup_stm32f401xc.o

.debug_str      0x00000000     0x48bc
 .debug_str     0x00000000      0x984 build/main.o
                                0xa45 (size before relaxing)
 .debug_str     0x00000984       0x10 build/gpio.o
                                0x289 (size before relaxing)
 .debug_str     0x00000994      0x33e build/i2c.o
                                0x877 (size before relaxing)
 .debug_str     0x00000cd2      0x1ed build/tim.o
                                0xa63 (size before relaxing)
 .debug_str     0x00000ebf      0x608 build/usart.o
                                0xbe6 (size before relaxing)
 .debug_str     0x000014c7       0xda build/stm32f4xx_it.o
                                0x6a7 (size before relaxing)
 .debug_str     0x000015a1       0x29 build/stm32f4xx_hal_msp.o
                                0x295 (size before relaxing)
 .debug_str     0x000015ca      0x93b build/stm32f4xx_hal_i2c.o
                               0x100a (size before relaxing)
 .debug_str     0x00001f05      0x1f8 build/stm32f4xx_hal_rcc.o
                                0x6e0 (size before relaxing)
 .debug_str     0x000020fd      0x153 build/stm32f4xx_hal_gpio.o
                                0x4ba (size before relaxing)
 .debug_str     0x00002250      0x2c7 build/stm32f4xx_hal_dma.o
                                0x73e (size before relaxing)
 .debug_str     0x00002517      0x513 build/stm32f4xx_hal_cortex.o
                                0xadb (size before relaxing)
 .debug_str     0x00002a2a      0x295 build/stm32f4xx_hal.o
                                0x9d2 (size before relaxing)
 .debug_str     0x00002cbf      0xdd6 build/stm32f4xx_hal_tim.o
                               0x1691 (size before relaxing)
 .debug_str     0x00003a95      0x521 build/stm32f4xx_hal_tim_ex.o
                                0xe82 (size before relaxing)
 .debug_str     0x00003fb6      0x5e5 build/stm32f4xx_hal_uart.o
                                0xd63 (size before relaxing)
 .debug_str     0x0000459b       0x47 build/system_stm32f4xx.o
                                0x34f (size before relaxing)
 .debug_str     0x000045e2      0x25e build/printf.o
                                0x42b (size before relaxing)
 .debug_str     0x00004840       0x4e build/Servo.o
                                0x78c (size before relaxing)
 .debug_str     0x0000488e        0xa build/APP.o
                                0x72a (size before relaxing)
 .debug_str     0x00004898       0x24 build/startup_stm32f401xc.o
                                 0x32 (size before relaxing)

.comment        0x00000000       0x49
 .comment       0x00000000       0x49 build/main.o
                                 0x4a (size before relaxing)
 .comment       0x00000049       0x4a build/gpio.o
 .comment       0x00000049       0x4a build/i2c.o
 .comment       0x00000049       0x4a build/tim.o
 .comment       0x00000049       0x4a build/usart.o
 .comment       0x00000049       0x4a build/stm32f4xx_it.o
 .comment       0x00000049       0x4a build/stm32f4xx_hal_msp.o
 .comment       0x00000049       0x4a build/stm32f4xx_hal_i2c.o
 .comment       0x00000049       0x4a build/stm32f4xx_hal_rcc.o
 .comment       0x00000049       0x4a build/stm32f4xx_hal_gpio.o
 .comment       0x00000049       0x4a build/stm32f4xx_hal_dma.o
 .comment       0x00000049       0x4a build/stm32f4xx_hal_cortex.o
 .comment       0x00000049       0x4a build/stm32f4xx_hal.o
 .comment       0x00000049       0x4a build/stm32f4xx_hal_tim.o
 .comment       0x00000049       0x4a build/stm32f4xx_hal_tim_ex.o
 .comment       0x00000049       0x4a build/stm32f4xx_hal_uart.o
 .comment       0x00000049       0x4a build/system_stm32f4xx.o
 .comment       0x00000049       0x4a build/printf.o
 .comment       0x00000049       0x4a build/Servo.o
 .comment       0x00000049       0x4a build/APP.o

.debug_frame    0x00000000     0x2f14
 .debug_frame   0x00000000       0x58 build/main.o
 .debug_frame   0x00000058       0x28 build/gpio.o
 .debug_frame   0x00000080       0x64 build/i2c.o
 .debug_frame   0x000000e4       0x78 build/tim.o
 .debug_frame   0x0000015c       0x7c build/usart.o
 .debug_frame   0x000001d8       0xc0 build/stm32f4xx_it.o
 .debug_frame   0x00000298       0x28 build/stm32f4xx_hal_msp.o
 .debug_frame   0x000002c0      0x988 build/stm32f4xx_hal_i2c.o
 .debug_frame   0x00000c48      0x16c build/stm32f4xx_hal_rcc.o
 .debug_frame   0x00000db4       0xd8 build/stm32f4xx_hal_gpio.o
 .debug_frame   0x00000e8c      0x188 build/stm32f4xx_hal_dma.o
 .debug_frame   0x00001014      0x178 build/stm32f4xx_hal_cortex.o
 .debug_frame   0x0000118c      0x1ec build/stm32f4xx_hal.o
 .debug_frame   0x00001378      0xb24 build/stm32f4xx_hal_tim.o
 .debug_frame   0x00001e9c      0x40c build/stm32f4xx_hal_tim_ex.o
 .debug_frame   0x000022a8      0x5e4 build/stm32f4xx_hal_uart.o
 .debug_frame   0x0000288c       0x30 build/system_stm32f4xx.o
 .debug_frame   0x000028bc      0x2cc build/printf.o
 .debug_frame   0x00002b88       0x88 build/Servo.o
 .debug_frame   0x00002c10       0x50 build/APP.o
 .debug_frame   0x00002c60       0x2c d:/dev/gnu arm embedded toolchain/gcc-arm-none-eabi-10.3-2021.10/bin/../lib/gcc/arm-none-eabi/10.3.1/../../../../arm-none-eabi/lib/thumb/v7e-m+fp/hard\libc_nano.a(lib_a-init.o)
 .debug_frame   0x00002c8c       0x20 d:/dev/gnu arm embedded toolchain/gcc-arm-none-eabi-10.3-2021.10/bin/../lib/gcc/arm-none-eabi/10.3.1/../../../../arm-none-eabi/lib/thumb/v7e-m+fp/hard\libc_nano.a(lib_a-memset.o)
 .debug_frame   0x00002cac       0xac d:/dev/gnu arm embedded toolchain/gcc-arm-none-eabi-10.3-2021.10/bin/../lib/gcc/arm-none-eabi/10.3.1/thumb/v7e-m+fp/hard\libgcc.a(_arm_addsubdf3.o)
 .debug_frame   0x00002d58       0x50 d:/dev/gnu arm embedded toolchain/gcc-arm-none-eabi-10.3-2021.10/bin/../lib/gcc/arm-none-eabi/10.3.1/thumb/v7e-m+fp/hard\libgcc.a(_arm_muldivdf3.o)
 .debug_frame   0x00002da8       0xc4 d:/dev/gnu arm embedded toolchain/gcc-arm-none-eabi-10.3-2021.10/bin/../lib/gcc/arm-none-eabi/10.3.1/thumb/v7e-m+fp/hard\libgcc.a(_arm_cmpdf2.o)
 .debug_frame   0x00002e6c       0x24 d:/dev/gnu arm embedded toolchain/gcc-arm-none-eabi-10.3-2021.10/bin/../lib/gcc/arm-none-eabi/10.3.1/thumb/v7e-m+fp/hard\libgcc.a(_arm_fixdfsi.o)
 .debug_frame   0x00002e90       0x24 d:/dev/gnu arm embedded toolchain/gcc-arm-none-eabi-10.3-2021.10/bin/../lib/gcc/arm-none-eabi/10.3.1/thumb/v7e-m+fp/hard\libgcc.a(_arm_fixunsdfsi.o)
 .debug_frame   0x00002eb4       0x2c d:/dev/gnu arm embedded toolchain/gcc-arm-none-eabi-10.3-2021.10/bin/../lib/gcc/arm-none-eabi/10.3.1/thumb/v7e-m+fp/hard\libgcc.a(_aeabi_uldivmod.o)
 .debug_frame   0x00002ee0       0x34 d:/dev/gnu arm embedded toolchain/gcc-arm-none-eabi-10.3-2021.10/bin/../lib/gcc/arm-none-eabi/10.3.1/thumb/v7e-m+fp/hard\libgcc.a(_udivmoddi4.o)

Cross Reference Table

Symbol                                            File
ADC_IRQHandler                                    build/startup_stm32f401xc.o
AHBPrescTable                                     build/system_stm32f4xx.o
                                                  build/stm32f4xx_hal_rcc.o
APBPrescTable                                     build/system_stm32f4xx.o
                                                  build/stm32f4xx_hal_rcc.o
APP_Init                                          build/APP.o
                                                  build/main.o
APP_Run                                           build/APP.o
                                                  build/main.o
BusFault_Handler                                  build/stm32f4xx_it.o
DMA1_Stream0_IRQHandler                           build/startup_stm32f401xc.o
DMA1_Stream1_IRQHandler                           build/startup_stm32f401xc.o
DMA1_Stream2_IRQHandler                           build/startup_stm32f401xc.o
DMA1_Stream3_IRQHandler                           build/startup_stm32f401xc.o
DMA1_Stream4_IRQHandler                           build/startup_stm32f401xc.o
DMA1_Stream5_IRQHandler                           build/startup_stm32f401xc.o
DMA1_Stream6_IRQHandler                           build/startup_stm32f401xc.o
DMA1_Stream7_IRQHandler                           build/startup_stm32f401xc.o
DMA2_Stream0_IRQHandler                           build/startup_stm32f401xc.o
DMA2_Stream1_IRQHandler                           build/startup_stm32f401xc.o
DMA2_Stream2_IRQHandler                           build/startup_stm32f401xc.o
DMA2_Stream3_IRQHandler                           build/startup_stm32f401xc.o
DMA2_Stream4_IRQHandler                           build/startup_stm32f401xc.o
DMA2_Stream5_IRQHandler                           build/startup_stm32f401xc.o
DMA2_Stream6_IRQHandler                           build/startup_stm32f401xc.o
DMA2_Stream7_IRQHandler                           build/startup_stm32f401xc.o
DebugMon_Handler                                  build/stm32f4xx_it.o
Default_Handler                                   build/startup_stm32f401xc.o
EXTI0_IRQHandler                                  build/startup_stm32f401xc.o
EXTI15_10_IRQHandler                              build/startup_stm32f401xc.o
EXTI1_IRQHandler                                  build/startup_stm32f401xc.o
EXTI2_IRQHandler                                  build/startup_stm32f401xc.o
EXTI3_IRQHandler                                  build/startup_stm32f401xc.o
EXTI4_IRQHandler                                  build/startup_stm32f401xc.o
EXTI9_5_IRQHandler                                build/startup_stm32f401xc.o
Error_Handler                                     build/main.o
                                                  build/usart.o
                                                  build/tim.o
                                                  build/i2c.o
FLASH_Erase_Sector                                build/stm32f4xx_hal_flash_ex.o
                                                  build/stm32f4xx_hal_flash.o
FLASH_FlushCaches                                 build/stm32f4xx_hal_flash_ex.o
                                                  build/stm32f4xx_hal_flash.o
FLASH_IRQHandler                                  build/startup_stm32f401xc.o
FLASH_WaitForLastOperation                        build/stm32f4xx_hal_flash.o
                                                  build/stm32f4xx_hal_flash_ex.o
FPU_IRQHandler                                    build/startup_stm32f401xc.o
HAL_CORTEX_ClearEvent                             build/stm32f4xx_hal_cortex.o
HAL_DBGMCU_DisableDBGSleepMode                    build/stm32f4xx_hal.o
HAL_DBGMCU_DisableDBGStandbyMode                  build/stm32f4xx_hal.o
HAL_DBGMCU_DisableDBGStopMode                     build/stm32f4xx_hal.o
HAL_DBGMCU_EnableDBGSleepMode                     build/stm32f4xx_hal.o
HAL_DBGMCU_EnableDBGStandbyMode                   build/stm32f4xx_hal.o
HAL_DBGMCU_EnableDBGStopMode                      build/stm32f4xx_hal.o
HAL_DMAEx_ChangeMemory                            build/stm32f4xx_hal_dma_ex.o
HAL_DMAEx_MultiBufferStart                        build/stm32f4xx_hal_dma_ex.o
HAL_DMAEx_MultiBufferStart_IT                     build/stm32f4xx_hal_dma_ex.o
HAL_DMA_Abort                                     build/stm32f4xx_hal_dma.o
                                                  build/stm32f4xx_hal_uart.o
HAL_DMA_Abort_IT                                  build/stm32f4xx_hal_dma.o
                                                  build/stm32f4xx_hal_uart.o
                                                  build/stm32f4xx_hal_tim_ex.o
                                                  build/stm32f4xx_hal_tim.o
                                                  build/stm32f4xx_hal_i2c.o
HAL_DMA_DeInit                                    build/stm32f4xx_hal_dma.o
HAL_DMA_GetError                                  build/stm32f4xx_hal_dma.o
                                                  build/stm32f4xx_hal_uart.o
                                                  build/stm32f4xx_hal_i2c.o
HAL_DMA_GetState                                  build/stm32f4xx_hal_dma.o
                                                  build/stm32f4xx_hal_i2c.o
HAL_DMA_IRQHandler                                build/stm32f4xx_hal_dma.o
HAL_DMA_Init                                      build/stm32f4xx_hal_dma.o
HAL_DMA_PollForTransfer                           build/stm32f4xx_hal_dma.o
HAL_DMA_RegisterCallback                          build/stm32f4xx_hal_dma.o
HAL_DMA_Start                                     build/stm32f4xx_hal_dma.o
HAL_DMA_Start_IT                                  build/stm32f4xx_hal_dma.o
                                                  build/stm32f4xx_hal_uart.o
                                                  build/stm32f4xx_hal_tim_ex.o
                                                  build/stm32f4xx_hal_tim.o
                                                  build/stm32f4xx_hal_i2c.o
HAL_DMA_UnRegisterCallback                        build/stm32f4xx_hal_dma.o
HAL_DeInit                                        build/stm32f4xx_hal.o
HAL_Delay                                         build/stm32f4xx_hal.o
                                                  build/main.o
HAL_DisableCompensationCell                       build/stm32f4xx_hal.o
HAL_EXTI_ClearConfigLine                          build/stm32f4xx_hal_exti.o
HAL_EXTI_ClearPending                             build/stm32f4xx_hal_exti.o
HAL_EXTI_GenerateSWI                              build/stm32f4xx_hal_exti.o
HAL_EXTI_GetConfigLine                            build/stm32f4xx_hal_exti.o
HAL_EXTI_GetHandle                                build/stm32f4xx_hal_exti.o
HAL_EXTI_GetPending                               build/stm32f4xx_hal_exti.o
HAL_EXTI_IRQHandler                               build/stm32f4xx_hal_exti.o
HAL_EXTI_RegisterCallback                         build/stm32f4xx_hal_exti.o
HAL_EXTI_SetConfigLine                            build/stm32f4xx_hal_exti.o
HAL_EnableCompensationCell                        build/stm32f4xx_hal.o
HAL_FLASHEx_AdvOBGetConfig                        build/stm32f4xx_hal_flash_ex.o
HAL_FLASHEx_AdvOBProgram                          build/stm32f4xx_hal_flash_ex.o
HAL_FLASHEx_Erase                                 build/stm32f4xx_hal_flash_ex.o
HAL_FLASHEx_Erase_IT                              build/stm32f4xx_hal_flash_ex.o
HAL_FLASHEx_OBGetConfig                           build/stm32f4xx_hal_flash_ex.o
HAL_FLASHEx_OBProgram                             build/stm32f4xx_hal_flash_ex.o
HAL_FLASHEx_OB_DeSelectPCROP                      build/stm32f4xx_hal_flash_ex.o
HAL_FLASHEx_OB_SelectPCROP                        build/stm32f4xx_hal_flash_ex.o
HAL_FLASH_EndOfOperationCallback                  build/stm32f4xx_hal_flash.o
HAL_FLASH_GetError                                build/stm32f4xx_hal_flash.o
HAL_FLASH_IRQHandler                              build/stm32f4xx_hal_flash.o
HAL_FLASH_Lock                                    build/stm32f4xx_hal_flash.o
HAL_FLASH_OB_Launch                               build/stm32f4xx_hal_flash.o
HAL_FLASH_OB_Lock                                 build/stm32f4xx_hal_flash.o
HAL_FLASH_OB_Unlock                               build/stm32f4xx_hal_flash.o
HAL_FLASH_OperationErrorCallback                  build/stm32f4xx_hal_flash.o
HAL_FLASH_Program                                 build/stm32f4xx_hal_flash.o
HAL_FLASH_Program_IT                              build/stm32f4xx_hal_flash.o
HAL_FLASH_Unlock                                  build/stm32f4xx_hal_flash.o
HAL_GPIO_DeInit                                   build/stm32f4xx_hal_gpio.o
                                                  build/usart.o
                                                  build/i2c.o
HAL_GPIO_EXTI_Callback                            build/stm32f4xx_hal_gpio.o
HAL_GPIO_EXTI_IRQHandler                          build/stm32f4xx_hal_gpio.o
HAL_GPIO_Init                                     build/stm32f4xx_hal_gpio.o
                                                  build/stm32f4xx_hal_rcc.o
                                                  build/usart.o
                                                  build/tim.o
                                                  build/i2c.o
HAL_GPIO_LockPin                                  build/stm32f4xx_hal_gpio.o
HAL_GPIO_ReadPin                                  build/stm32f4xx_hal_gpio.o
HAL_GPIO_TogglePin                                build/stm32f4xx_hal_gpio.o
HAL_GPIO_WritePin                                 build/stm32f4xx_hal_gpio.o
HAL_GetDEVID                                      build/stm32f4xx_hal.o
HAL_GetHalVersion                                 build/stm32f4xx_hal.o
HAL_GetREVID                                      build/stm32f4xx_hal.o
HAL_GetTick                                       build/stm32f4xx_hal.o
                                                  build/stm32f4xx_hal_uart.o
                                                  build/stm32f4xx_hal_pwr_ex.o
                                                  build/stm32f4xx_hal_dma.o
                                                  build/stm32f4xx_hal_flash.o
                                                  build/stm32f4xx_hal_rcc_ex.o
                                                  build/stm32f4xx_hal_rcc.o
                                                  build/stm32f4xx_hal_i2c.o
HAL_GetTickFreq                                   build/stm32f4xx_hal.o
HAL_GetTickPrio                                   build/stm32f4xx_hal.o
HAL_GetUIDw0                                      build/stm32f4xx_hal.o
HAL_GetUIDw1                                      build/stm32f4xx_hal.o
HAL_GetUIDw2                                      build/stm32f4xx_hal.o
HAL_HalfDuplex_EnableReceiver                     build/stm32f4xx_hal_uart.o
HAL_HalfDuplex_EnableTransmitter                  build/stm32f4xx_hal_uart.o
HAL_HalfDuplex_Init                               build/stm32f4xx_hal_uart.o
HAL_I2CEx_ConfigAnalogFilter                      build/stm32f4xx_hal_i2c_ex.o
HAL_I2CEx_ConfigDigitalFilter                     build/stm32f4xx_hal_i2c_ex.o
HAL_I2C_AbortCpltCallback                         build/stm32f4xx_hal_i2c.o
HAL_I2C_AddrCallback                              build/stm32f4xx_hal_i2c.o
HAL_I2C_DeInit                                    build/stm32f4xx_hal_i2c.o
HAL_I2C_DisableListen_IT                          build/stm32f4xx_hal_i2c.o
HAL_I2C_ER_IRQHandler                             build/stm32f4xx_hal_i2c.o
HAL_I2C_EV_IRQHandler                             build/stm32f4xx_hal_i2c.o
HAL_I2C_EnableListen_IT                           build/stm32f4xx_hal_i2c.o
HAL_I2C_ErrorCallback                             build/stm32f4xx_hal_i2c.o
HAL_I2C_GetError                                  build/stm32f4xx_hal_i2c.o
HAL_I2C_GetMode                                   build/stm32f4xx_hal_i2c.o
HAL_I2C_GetState                                  build/stm32f4xx_hal_i2c.o
HAL_I2C_Init                                      build/stm32f4xx_hal_i2c.o
                                                  build/i2c.o
HAL_I2C_IsDeviceReady                             build/stm32f4xx_hal_i2c.o
HAL_I2C_ListenCpltCallback                        build/stm32f4xx_hal_i2c.o
HAL_I2C_MasterRxCpltCallback                      build/stm32f4xx_hal_i2c.o
HAL_I2C_MasterTxCpltCallback                      build/stm32f4xx_hal_i2c.o
HAL_I2C_Master_Abort_IT                           build/stm32f4xx_hal_i2c.o
HAL_I2C_Master_Receive                            build/stm32f4xx_hal_i2c.o
HAL_I2C_Master_Receive_DMA                        build/stm32f4xx_hal_i2c.o
HAL_I2C_Master_Receive_IT                         build/stm32f4xx_hal_i2c.o
HAL_I2C_Master_Seq_Receive_DMA                    build/stm32f4xx_hal_i2c.o
HAL_I2C_Master_Seq_Receive_IT                     build/stm32f4xx_hal_i2c.o
HAL_I2C_Master_Seq_Transmit_DMA                   build/stm32f4xx_hal_i2c.o
HAL_I2C_Master_Seq_Transmit_IT                    build/stm32f4xx_hal_i2c.o
HAL_I2C_Master_Transmit                           build/stm32f4xx_hal_i2c.o
HAL_I2C_Master_Transmit_DMA                       build/stm32f4xx_hal_i2c.o
HAL_I2C_Master_Transmit_IT                        build/stm32f4xx_hal_i2c.o
HAL_I2C_MemRxCpltCallback                         build/stm32f4xx_hal_i2c.o
HAL_I2C_MemTxCpltCallback                         build/stm32f4xx_hal_i2c.o
HAL_I2C_Mem_Read                                  build/stm32f4xx_hal_i2c.o
HAL_I2C_Mem_Read_DMA                              build/stm32f4xx_hal_i2c.o
HAL_I2C_Mem_Read_IT                               build/stm32f4xx_hal_i2c.o
HAL_I2C_Mem_Write                                 build/stm32f4xx_hal_i2c.o
HAL_I2C_Mem_Write_DMA                             build/stm32f4xx_hal_i2c.o
HAL_I2C_Mem_Write_IT                              build/stm32f4xx_hal_i2c.o
HAL_I2C_MspDeInit                                 build/i2c.o
HAL_I2C_MspInit                                   build/i2c.o
HAL_I2C_SlaveRxCpltCallback                       build/stm32f4xx_hal_i2c.o
HAL_I2C_SlaveTxCpltCallback                       build/stm32f4xx_hal_i2c.o
HAL_I2C_Slave_Receive                             build/stm32f4xx_hal_i2c.o
HAL_I2C_Slave_Receive_DMA                         build/stm32f4xx_hal_i2c.o
HAL_I2C_Slave_Receive_IT                          build/stm32f4xx_hal_i2c.o
HAL_I2C_Slave_Seq_Receive_DMA                     build/stm32f4xx_hal_i2c.o
HAL_I2C_Slave_Seq_Receive_IT                      build/stm32f4xx_hal_i2c.o
HAL_I2C_Slave_Seq_Transmit_DMA                    build/stm32f4xx_hal_i2c.o
HAL_I2C_Slave_Seq_Transmit_IT                     build/stm32f4xx_hal_i2c.o
HAL_I2C_Slave_Transmit                            build/stm32f4xx_hal_i2c.o
HAL_I2C_Slave_Transmit_DMA                        build/stm32f4xx_hal_i2c.o
HAL_I2C_Slave_Transmit_IT                         build/stm32f4xx_hal_i2c.o
HAL_IncTick                                       build/stm32f4xx_hal.o
                                                  build/stm32f4xx_it.o
HAL_Init                                          build/stm32f4xx_hal.o
                                                  build/main.o
HAL_InitTick                                      build/stm32f4xx_hal.o
                                                  build/stm32f4xx_hal_rcc_ex.o
                                                  build/stm32f4xx_hal_rcc.o
HAL_LIN_Init                                      build/stm32f4xx_hal_uart.o
HAL_LIN_SendBreak                                 build/stm32f4xx_hal_uart.o
HAL_MPU_ConfigRegion                              build/stm32f4xx_hal_cortex.o
HAL_MPU_Disable                                   build/stm32f4xx_hal_cortex.o
HAL_MPU_DisableRegion                             build/stm32f4xx_hal_cortex.o
HAL_MPU_Enable                                    build/stm32f4xx_hal_cortex.o
HAL_MPU_EnableRegion                              build/stm32f4xx_hal_cortex.o
HAL_MspDeInit                                     build/stm32f4xx_hal.o
HAL_MspInit                                       build/stm32f4xx_hal_msp.o
HAL_MultiProcessor_EnterMuteMode                  build/stm32f4xx_hal_uart.o
HAL_MultiProcessor_ExitMuteMode                   build/stm32f4xx_hal_uart.o
HAL_MultiProcessor_Init                           build/stm32f4xx_hal_uart.o
HAL_NVIC_ClearPendingIRQ                          build/stm32f4xx_hal_cortex.o
HAL_NVIC_DisableIRQ                               build/stm32f4xx_hal_cortex.o
                                                  build/usart.o
HAL_NVIC_EnableIRQ                                build/stm32f4xx_hal_cortex.o
                                                  build/usart.o
HAL_NVIC_GetActive                                build/stm32f4xx_hal_cortex.o
HAL_NVIC_GetPendingIRQ                            build/stm32f4xx_hal_cortex.o
HAL_NVIC_GetPriority                              build/stm32f4xx_hal_cortex.o
HAL_NVIC_GetPriorityGrouping                      build/stm32f4xx_hal_cortex.o
HAL_NVIC_SetPendingIRQ                            build/stm32f4xx_hal_cortex.o
HAL_NVIC_SetPriority                              build/stm32f4xx_hal_cortex.o
                                                  build/stm32f4xx_hal.o
                                                  build/usart.o
HAL_NVIC_SetPriorityGrouping                      build/stm32f4xx_hal_cortex.o
                                                  build/stm32f4xx_hal.o
HAL_NVIC_SystemReset                              build/stm32f4xx_hal_cortex.o
HAL_PWREx_ControlVoltageScaling                   build/stm32f4xx_hal_pwr_ex.o
HAL_PWREx_DisableBkUpReg                          build/stm32f4xx_hal_pwr_ex.o
HAL_PWREx_DisableFlashPowerDown                   build/stm32f4xx_hal_pwr_ex.o
HAL_PWREx_DisableLowRegulatorLowVoltage           build/stm32f4xx_hal_pwr_ex.o
HAL_PWREx_DisableMainRegulatorLowVoltage          build/stm32f4xx_hal_pwr_ex.o
HAL_PWREx_EnableBkUpReg                           build/stm32f4xx_hal_pwr_ex.o
HAL_PWREx_EnableFlashPowerDown                    build/stm32f4xx_hal_pwr_ex.o
HAL_PWREx_EnableLowRegulatorLowVoltage            build/stm32f4xx_hal_pwr_ex.o
HAL_PWREx_EnableMainRegulatorLowVoltage           build/stm32f4xx_hal_pwr_ex.o
HAL_PWREx_GetVoltageRange                         build/stm32f4xx_hal_pwr_ex.o
HAL_PWR_ConfigPVD                                 build/stm32f4xx_hal_pwr.o
HAL_PWR_DeInit                                    build/stm32f4xx_hal_pwr.o
HAL_PWR_DisableBkUpAccess                         build/stm32f4xx_hal_pwr.o
HAL_PWR_DisablePVD                                build/stm32f4xx_hal_pwr.o
HAL_PWR_DisableSEVOnPend                          build/stm32f4xx_hal_pwr.o
HAL_PWR_DisableSleepOnExit                        build/stm32f4xx_hal_pwr.o
HAL_PWR_DisableWakeUpPin                          build/stm32f4xx_hal_pwr.o
HAL_PWR_EnableBkUpAccess                          build/stm32f4xx_hal_pwr.o
HAL_PWR_EnablePVD                                 build/stm32f4xx_hal_pwr.o
HAL_PWR_EnableSEVOnPend                           build/stm32f4xx_hal_pwr.o
HAL_PWR_EnableSleepOnExit                         build/stm32f4xx_hal_pwr.o
HAL_PWR_EnableWakeUpPin                           build/stm32f4xx_hal_pwr.o
HAL_PWR_EnterSLEEPMode                            build/stm32f4xx_hal_pwr.o
HAL_PWR_EnterSTANDBYMode                          build/stm32f4xx_hal_pwr.o
HAL_PWR_EnterSTOPMode                             build/stm32f4xx_hal_pwr.o
HAL_PWR_PVDCallback                               build/stm32f4xx_hal_pwr.o
HAL_PWR_PVD_IRQHandler                            build/stm32f4xx_hal_pwr.o
HAL_RCCEx_DisablePLLI2S                           build/stm32f4xx_hal_rcc_ex.o
HAL_RCCEx_EnablePLLI2S                            build/stm32f4xx_hal_rcc_ex.o
HAL_RCCEx_GetPeriphCLKConfig                      build/stm32f4xx_hal_rcc_ex.o
HAL_RCCEx_GetPeriphCLKFreq                        build/stm32f4xx_hal_rcc_ex.o
HAL_RCCEx_PeriphCLKConfig                         build/stm32f4xx_hal_rcc_ex.o
HAL_RCC_CSSCallback                               build/stm32f4xx_hal_rcc.o
HAL_RCC_ClockConfig                               build/stm32f4xx_hal_rcc.o
                                                  build/main.o
HAL_RCC_DeInit                                    build/stm32f4xx_hal_rcc_ex.o
                                                  build/stm32f4xx_hal_rcc.o
HAL_RCC_DisableCSS                                build/stm32f4xx_hal_rcc.o
HAL_RCC_EnableCSS                                 build/stm32f4xx_hal_rcc.o
HAL_RCC_GetClockConfig                            build/stm32f4xx_hal_rcc.o
HAL_RCC_GetHCLKFreq                               build/stm32f4xx_hal_rcc.o
HAL_RCC_GetOscConfig                              build/stm32f4xx_hal_rcc.o
HAL_RCC_GetPCLK1Freq                              build/stm32f4xx_hal_rcc.o
                                                  build/stm32f4xx_hal_uart.o
                                                  build/stm32f4xx_hal_i2c.o
HAL_RCC_GetPCLK2Freq                              build/stm32f4xx_hal_rcc.o
                                                  build/stm32f4xx_hal_uart.o
HAL_RCC_GetSysClockFreq                           build/stm32f4xx_hal_rcc.o
HAL_RCC_MCOConfig                                 build/stm32f4xx_hal_rcc.o
HAL_RCC_NMI_IRQHandler                            build/stm32f4xx_hal_rcc.o
HAL_RCC_OscConfig                                 build/stm32f4xx_hal_rcc.o
                                                  build/main.o
HAL_ResumeTick                                    build/stm32f4xx_hal.o
HAL_SYSTICK_CLKSourceConfig                       build/stm32f4xx_hal_cortex.o
HAL_SYSTICK_Callback                              build/stm32f4xx_hal_cortex.o
HAL_SYSTICK_Config                                build/stm32f4xx_hal_cortex.o
                                                  build/stm32f4xx_hal.o
HAL_SYSTICK_IRQHandler                            build/stm32f4xx_hal_cortex.o
HAL_SetTickFreq                                   build/stm32f4xx_hal.o
HAL_SuspendTick                                   build/stm32f4xx_hal.o
HAL_TIMEx_BreakCallback                           build/stm32f4xx_hal_tim_ex.o
                                                  build/stm32f4xx_hal_tim.o
HAL_TIMEx_CommutCallback                          build/stm32f4xx_hal_tim_ex.o
                                                  build/stm32f4xx_hal_tim.o
HAL_TIMEx_CommutHalfCpltCallback                  build/stm32f4xx_hal_tim_ex.o
HAL_TIMEx_ConfigBreakDeadTime                     build/stm32f4xx_hal_tim_ex.o
HAL_TIMEx_ConfigCommutEvent                       build/stm32f4xx_hal_tim_ex.o
HAL_TIMEx_ConfigCommutEvent_DMA                   build/stm32f4xx_hal_tim_ex.o
HAL_TIMEx_ConfigCommutEvent_IT                    build/stm32f4xx_hal_tim_ex.o
HAL_TIMEx_GetChannelNState                        build/stm32f4xx_hal_tim_ex.o
HAL_TIMEx_HallSensor_DeInit                       build/stm32f4xx_hal_tim_ex.o
HAL_TIMEx_HallSensor_GetState                     build/stm32f4xx_hal_tim_ex.o
HAL_TIMEx_HallSensor_Init                         build/stm32f4xx_hal_tim_ex.o
HAL_TIMEx_HallSensor_MspDeInit                    build/stm32f4xx_hal_tim_ex.o
HAL_TIMEx_HallSensor_MspInit                      build/stm32f4xx_hal_tim_ex.o
HAL_TIMEx_HallSensor_Start                        build/stm32f4xx_hal_tim_ex.o
HAL_TIMEx_HallSensor_Start_DMA                    build/stm32f4xx_hal_tim_ex.o
HAL_TIMEx_HallSensor_Start_IT                     build/stm32f4xx_hal_tim_ex.o
HAL_TIMEx_HallSensor_Stop                         build/stm32f4xx_hal_tim_ex.o
HAL_TIMEx_HallSensor_Stop_DMA                     build/stm32f4xx_hal_tim_ex.o
HAL_TIMEx_HallSensor_Stop_IT                      build/stm32f4xx_hal_tim_ex.o
HAL_TIMEx_MasterConfigSynchronization             build/stm32f4xx_hal_tim_ex.o
                                                  build/tim.o
HAL_TIMEx_OCN_Start                               build/stm32f4xx_hal_tim_ex.o
HAL_TIMEx_OCN_Start_DMA                           build/stm32f4xx_hal_tim_ex.o
HAL_TIMEx_OCN_Start_IT                            build/stm32f4xx_hal_tim_ex.o
HAL_TIMEx_OCN_Stop                                build/stm32f4xx_hal_tim_ex.o
HAL_TIMEx_OCN_Stop_DMA                            build/stm32f4xx_hal_tim_ex.o
HAL_TIMEx_OCN_Stop_IT                             build/stm32f4xx_hal_tim_ex.o
HAL_TIMEx_OnePulseN_Start                         build/stm32f4xx_hal_tim_ex.o
HAL_TIMEx_OnePulseN_Start_IT                      build/stm32f4xx_hal_tim_ex.o
HAL_TIMEx_OnePulseN_Stop                          build/stm32f4xx_hal_tim_ex.o
HAL_TIMEx_OnePulseN_Stop_IT                       build/stm32f4xx_hal_tim_ex.o
HAL_TIMEx_PWMN_Start                              build/stm32f4xx_hal_tim_ex.o
HAL_TIMEx_PWMN_Start_DMA                          build/stm32f4xx_hal_tim_ex.o
HAL_TIMEx_PWMN_Start_IT                           build/stm32f4xx_hal_tim_ex.o
HAL_TIMEx_PWMN_Stop                               build/stm32f4xx_hal_tim_ex.o
HAL_TIMEx_PWMN_Stop_DMA                           build/stm32f4xx_hal_tim_ex.o
HAL_TIMEx_PWMN_Stop_IT                            build/stm32f4xx_hal_tim_ex.o
HAL_TIMEx_RemapConfig                             build/stm32f4xx_hal_tim_ex.o
HAL_TIM_Base_DeInit                               build/stm32f4xx_hal_tim.o
HAL_TIM_Base_GetState                             build/stm32f4xx_hal_tim.o
HAL_TIM_Base_Init                                 build/stm32f4xx_hal_tim.o
                                                  build/tim.o
HAL_TIM_Base_MspDeInit                            build/tim.o
HAL_TIM_Base_MspInit                              build/tim.o
HAL_TIM_Base_Start                                build/stm32f4xx_hal_tim.o
HAL_TIM_Base_Start_DMA                            build/stm32f4xx_hal_tim.o
HAL_TIM_Base_Start_IT                             build/stm32f4xx_hal_tim.o
HAL_TIM_Base_Stop                                 build/stm32f4xx_hal_tim.o
HAL_TIM_Base_Stop_DMA                             build/stm32f4xx_hal_tim.o
HAL_TIM_Base_Stop_IT                              build/stm32f4xx_hal_tim.o
HAL_TIM_ConfigClockSource                         build/stm32f4xx_hal_tim.o
                                                  build/tim.o
HAL_TIM_ConfigOCrefClear                          build/stm32f4xx_hal_tim.o
HAL_TIM_ConfigTI1Input                            build/stm32f4xx_hal_tim.o
HAL_TIM_DMABurstState                             build/stm32f4xx_hal_tim.o
HAL_TIM_DMABurst_MultiReadStart                   build/stm32f4xx_hal_tim.o
HAL_TIM_DMABurst_MultiWriteStart                  build/stm32f4xx_hal_tim.o
HAL_TIM_DMABurst_ReadStart                        build/stm32f4xx_hal_tim.o
HAL_TIM_DMABurst_ReadStop                         build/stm32f4xx_hal_tim.o
HAL_TIM_DMABurst_WriteStart                       build/stm32f4xx_hal_tim.o
HAL_TIM_DMABurst_WriteStop                        build/stm32f4xx_hal_tim.o
HAL_TIM_Encoder_DeInit                            build/stm32f4xx_hal_tim.o
HAL_TIM_Encoder_GetState                          build/stm32f4xx_hal_tim.o
HAL_TIM_Encoder_Init                              build/stm32f4xx_hal_tim.o
HAL_TIM_Encoder_MspDeInit                         build/stm32f4xx_hal_tim.o
HAL_TIM_Encoder_MspInit                           build/stm32f4xx_hal_tim.o
HAL_TIM_Encoder_Start                             build/stm32f4xx_hal_tim.o
HAL_TIM_Encoder_Start_DMA                         build/stm32f4xx_hal_tim.o
HAL_TIM_Encoder_Start_IT                          build/stm32f4xx_hal_tim.o
HAL_TIM_Encoder_Stop                              build/stm32f4xx_hal_tim.o
HAL_TIM_Encoder_Stop_DMA                          build/stm32f4xx_hal_tim.o
HAL_TIM_Encoder_Stop_IT                           build/stm32f4xx_hal_tim.o
HAL_TIM_ErrorCallback                             build/stm32f4xx_hal_tim.o
                                                  build/stm32f4xx_hal_tim_ex.o
HAL_TIM_GenerateEvent                             build/stm32f4xx_hal_tim.o
HAL_TIM_GetActiveChannel                          build/stm32f4xx_hal_tim.o
HAL_TIM_GetChannelState                           build/stm32f4xx_hal_tim.o
HAL_TIM_IC_CaptureCallback                        build/stm32f4xx_hal_tim.o
HAL_TIM_IC_CaptureHalfCpltCallback                build/stm32f4xx_hal_tim.o
HAL_TIM_IC_ConfigChannel                          build/stm32f4xx_hal_tim.o
HAL_TIM_IC_DeInit                                 build/stm32f4xx_hal_tim.o
HAL_TIM_IC_GetState                               build/stm32f4xx_hal_tim.o
HAL_TIM_IC_Init                                   build/stm32f4xx_hal_tim.o
HAL_TIM_IC_MspDeInit                              build/stm32f4xx_hal_tim.o
HAL_TIM_IC_MspInit                                build/stm32f4xx_hal_tim.o
HAL_TIM_IC_Start                                  build/stm32f4xx_hal_tim.o
HAL_TIM_IC_Start_DMA                              build/stm32f4xx_hal_tim.o
HAL_TIM_IC_Start_IT                               build/stm32f4xx_hal_tim.o
HAL_TIM_IC_Stop                                   build/stm32f4xx_hal_tim.o
HAL_TIM_IC_Stop_DMA                               build/stm32f4xx_hal_tim.o
HAL_TIM_IC_Stop_IT                                build/stm32f4xx_hal_tim.o
HAL_TIM_IRQHandler                                build/stm32f4xx_hal_tim.o
HAL_TIM_MspPostInit                               build/tim.o
HAL_TIM_OC_ConfigChannel                          build/stm32f4xx_hal_tim.o
HAL_TIM_OC_DeInit                                 build/stm32f4xx_hal_tim.o
HAL_TIM_OC_DelayElapsedCallback                   build/stm32f4xx_hal_tim.o
HAL_TIM_OC_GetState                               build/stm32f4xx_hal_tim.o
HAL_TIM_OC_Init                                   build/stm32f4xx_hal_tim.o
HAL_TIM_OC_MspDeInit                              build/stm32f4xx_hal_tim.o
HAL_TIM_OC_MspInit                                build/stm32f4xx_hal_tim.o
HAL_TIM_OC_Start                                  build/stm32f4xx_hal_tim.o
HAL_TIM_OC_Start_DMA                              build/stm32f4xx_hal_tim.o
HAL_TIM_OC_Start_IT                               build/stm32f4xx_hal_tim.o
HAL_TIM_OC_Stop                                   build/stm32f4xx_hal_tim.o
HAL_TIM_OC_Stop_DMA                               build/stm32f4xx_hal_tim.o
HAL_TIM_OC_Stop_IT                                build/stm32f4xx_hal_tim.o
HAL_TIM_OnePulse_ConfigChannel                    build/stm32f4xx_hal_tim.o
HAL_TIM_OnePulse_DeInit                           build/stm32f4xx_hal_tim.o
HAL_TIM_OnePulse_GetState                         build/stm32f4xx_hal_tim.o
HAL_TIM_OnePulse_Init                             build/stm32f4xx_hal_tim.o
HAL_TIM_OnePulse_MspDeInit                        build/stm32f4xx_hal_tim.o
HAL_TIM_OnePulse_MspInit                          build/stm32f4xx_hal_tim.o
HAL_TIM_OnePulse_Start                            build/stm32f4xx_hal_tim.o
HAL_TIM_OnePulse_Start_IT                         build/stm32f4xx_hal_tim.o
HAL_TIM_OnePulse_Stop                             build/stm32f4xx_hal_tim.o
HAL_TIM_OnePulse_Stop_IT                          build/stm32f4xx_hal_tim.o
HAL_TIM_PWM_ConfigChannel                         build/stm32f4xx_hal_tim.o
                                                  build/tim.o
HAL_TIM_PWM_DeInit                                build/stm32f4xx_hal_tim.o
HAL_TIM_PWM_GetState                              build/stm32f4xx_hal_tim.o
HAL_TIM_PWM_Init                                  build/stm32f4xx_hal_tim.o
                                                  build/tim.o
HAL_TIM_PWM_MspDeInit                             build/stm32f4xx_hal_tim.o
HAL_TIM_PWM_MspInit                               build/stm32f4xx_hal_tim.o
HAL_TIM_PWM_PulseFinishedCallback                 build/stm32f4xx_hal_tim.o
                                                  build/stm32f4xx_hal_tim_ex.o
HAL_TIM_PWM_PulseFinishedHalfCpltCallback         build/stm32f4xx_hal_tim.o
HAL_TIM_PWM_Start                                 build/stm32f4xx_hal_tim.o
                                                  build/APP.o
HAL_TIM_PWM_Start_DMA                             build/stm32f4xx_hal_tim.o
HAL_TIM_PWM_Start_IT                              build/stm32f4xx_hal_tim.o
HAL_TIM_PWM_Stop                                  build/stm32f4xx_hal_tim.o
HAL_TIM_PWM_Stop_DMA                              build/stm32f4xx_hal_tim.o
HAL_TIM_PWM_Stop_IT                               build/stm32f4xx_hal_tim.o
HAL_TIM_PeriodElapsedCallback                     build/stm32f4xx_hal_tim.o
HAL_TIM_PeriodElapsedHalfCpltCallback             build/stm32f4xx_hal_tim.o
HAL_TIM_ReadCapturedValue                         build/stm32f4xx_hal_tim.o
HAL_TIM_SlaveConfigSynchro                        build/stm32f4xx_hal_tim.o
HAL_TIM_SlaveConfigSynchro_IT                     build/stm32f4xx_hal_tim.o
HAL_TIM_TriggerCallback                           build/stm32f4xx_hal_tim.o
HAL_TIM_TriggerHalfCpltCallback                   build/stm32f4xx_hal_tim.o
HAL_UARTEx_GetRxEventType                         build/stm32f4xx_hal_uart.o
HAL_UARTEx_ReceiveToIdle                          build/stm32f4xx_hal_uart.o
HAL_UARTEx_ReceiveToIdle_DMA                      build/stm32f4xx_hal_uart.o
HAL_UARTEx_ReceiveToIdle_IT                       build/stm32f4xx_hal_uart.o
HAL_UARTEx_RxEventCallback                        build/stm32f4xx_hal_uart.o
HAL_UART_Abort                                    build/stm32f4xx_hal_uart.o
HAL_UART_AbortCpltCallback                        build/stm32f4xx_hal_uart.o
HAL_UART_AbortReceive                             build/stm32f4xx_hal_uart.o
HAL_UART_AbortReceiveCpltCallback                 build/stm32f4xx_hal_uart.o
HAL_UART_AbortReceive_IT                          build/stm32f4xx_hal_uart.o
HAL_UART_AbortTransmit                            build/stm32f4xx_hal_uart.o
HAL_UART_AbortTransmitCpltCallback                build/stm32f4xx_hal_uart.o
HAL_UART_AbortTransmit_IT                         build/stm32f4xx_hal_uart.o
HAL_UART_Abort_IT                                 build/stm32f4xx_hal_uart.o
HAL_UART_DMAPause                                 build/stm32f4xx_hal_uart.o
HAL_UART_DMAResume                                build/stm32f4xx_hal_uart.o
HAL_UART_DMAStop                                  build/stm32f4xx_hal_uart.o
HAL_UART_DeInit                                   build/stm32f4xx_hal_uart.o
HAL_UART_ErrorCallback                            build/stm32f4xx_hal_uart.o
HAL_UART_GetError                                 build/stm32f4xx_hal_uart.o
HAL_UART_GetState                                 build/stm32f4xx_hal_uart.o
HAL_UART_IRQHandler                               build/stm32f4xx_hal_uart.o
                                                  build/stm32f4xx_it.o
HAL_UART_Init                                     build/stm32f4xx_hal_uart.o
                                                  build/usart.o
HAL_UART_MspDeInit                                build/usart.o
HAL_UART_MspInit                                  build/usart.o
HAL_UART_Receive                                  build/stm32f4xx_hal_uart.o
HAL_UART_Receive_DMA                              build/stm32f4xx_hal_uart.o
HAL_UART_Receive_IT                               build/stm32f4xx_hal_uart.o
HAL_UART_RxCpltCallback                           build/stm32f4xx_hal_uart.o
HAL_UART_RxHalfCpltCallback                       build/stm32f4xx_hal_uart.o
HAL_UART_Transmit                                 build/stm32f4xx_hal_uart.o
                                                  build/usart.o
HAL_UART_Transmit_DMA                             build/stm32f4xx_hal_uart.o
HAL_UART_Transmit_IT                              build/stm32f4xx_hal_uart.o
HAL_UART_TxCpltCallback                           build/stm32f4xx_hal_uart.o
HAL_UART_TxHalfCpltCallback                       build/stm32f4xx_hal_uart.o
HardFault_Handler                                 build/stm32f4xx_it.o
I2C1_ER_IRQHandler                                build/startup_stm32f401xc.o
I2C1_EV_IRQHandler                                build/startup_stm32f401xc.o
I2C2_ER_IRQHandler                                build/startup_stm32f401xc.o
I2C2_EV_IRQHandler                                build/startup_stm32f401xc.o
I2C3_ER_IRQHandler                                build/startup_stm32f401xc.o
I2C3_EV_IRQHandler                                build/startup_stm32f401xc.o
MX_GPIO_Init                                      build/gpio.o
                                                  build/main.o
MX_I2C1_Init                                      build/i2c.o
                                                  build/main.o
MX_TIM3_Init                                      build/tim.o
                                                  build/main.o
MX_USART1_UART_Init                               build/usart.o
                                                  build/main.o
MemManage_Handler                                 build/stm32f4xx_it.o
NMI_Handler                                       build/stm32f4xx_it.o
OTG_FS_IRQHandler                                 build/startup_stm32f401xc.o
OTG_FS_WKUP_IRQHandler                            build/startup_stm32f401xc.o
PVD_IRQHandler                                    build/startup_stm32f401xc.o
PendSV_Handler                                    build/stm32f4xx_it.o
RCC_IRQHandler                                    build/startup_stm32f401xc.o
RTC_Alarm_IRQHandler                              build/startup_stm32f401xc.o
RTC_WKUP_IRQHandler                               build/startup_stm32f401xc.o
Reset_Handler                                     build/startup_stm32f401xc.o
SDIO_IRQHandler                                   build/startup_stm32f401xc.o
SPI1_IRQHandler                                   build/startup_stm32f401xc.o
SPI2_IRQHandler                                   build/startup_stm32f401xc.o
SPI3_IRQHandler                                   build/startup_stm32f401xc.o
SPI4_IRQHandler                                   build/startup_stm32f401xc.o
SVC_Handler                                       build/stm32f4xx_it.o
ServoPitch                                        build/Servo.o
                                                  build/APP.o
                                                  build/main.o
ServoYaw                                          build/Servo.o
                                                  build/APP.o
                                                  build/main.o
Servo_Init                                        build/Servo.o
                                                  build/APP.o
Servo_Set_Abso_Angle                              build/Servo.o
                                                  build/main.o
Servo_Set_Relat_Angle                             build/Servo.o
                                                  build/main.o
SysTick_Handler                                   build/stm32f4xx_it.o
SystemClock_Config                                build/main.o
SystemCoreClock                                   build/system_stm32f4xx.o
                                                  build/stm32f4xx_hal.o
                                                  build/stm32f4xx_hal_dma.o
                                                  build/stm32f4xx_hal_rcc_ex.o
                                                  build/stm32f4xx_hal_rcc.o
                                                  build/stm32f4xx_hal_i2c.o
SystemCoreClockUpdate                             build/system_stm32f4xx.o
SystemInit                                        build/system_stm32f4xx.o
                                                  build/startup_stm32f401xc.o
TAMP_STAMP_IRQHandler                             build/startup_stm32f401xc.o
TIM1_BRK_TIM9_IRQHandler                          build/startup_stm32f401xc.o
TIM1_CC_IRQHandler                                build/startup_stm32f401xc.o
TIM1_TRG_COM_TIM11_IRQHandler                     build/startup_stm32f401xc.o
TIM1_UP_TIM10_IRQHandler                          build/startup_stm32f401xc.o
TIM2_IRQHandler                                   build/startup_stm32f401xc.o
TIM3_IRQHandler                                   build/startup_stm32f401xc.o
TIM4_IRQHandler                                   build/startup_stm32f401xc.o
TIM5_IRQHandler                                   build/startup_stm32f401xc.o
TIMEx_DMACommutationCplt                          build/stm32f4xx_hal_tim_ex.o
                                                  build/stm32f4xx_hal_tim.o
TIMEx_DMACommutationHalfCplt                      build/stm32f4xx_hal_tim_ex.o
                                                  build/stm32f4xx_hal_tim.o
TIM_Base_SetConfig                                build/stm32f4xx_hal_tim.o
                                                  build/stm32f4xx_hal_tim_ex.o
TIM_CCxChannelCmd                                 build/stm32f4xx_hal_tim.o
                                                  build/stm32f4xx_hal_tim_ex.o
TIM_DMACaptureCplt                                build/stm32f4xx_hal_tim.o
                                                  build/stm32f4xx_hal_tim_ex.o
TIM_DMACaptureHalfCplt                            build/stm32f4xx_hal_tim.o
                                                  build/stm32f4xx_hal_tim_ex.o
TIM_DMADelayPulseHalfCplt                         build/stm32f4xx_hal_tim.o
                                                  build/stm32f4xx_hal_tim_ex.o
TIM_DMAError                                      build/stm32f4xx_hal_tim.o
                                                  build/stm32f4xx_hal_tim_ex.o
TIM_ETR_SetConfig                                 build/stm32f4xx_hal_tim.o
TIM_OC2_SetConfig                                 build/stm32f4xx_hal_tim.o
                                                  build/stm32f4xx_hal_tim_ex.o
TIM_TI1_SetConfig                                 build/stm32f4xx_hal_tim.o
                                                  build/stm32f4xx_hal_tim_ex.o
UART_Start_Receive_DMA                            build/stm32f4xx_hal_uart.o
UART_Start_Receive_IT                             build/stm32f4xx_hal_uart.o
USART1_IRQHandler                                 build/stm32f4xx_it.o
USART2_IRQHandler                                 build/startup_stm32f401xc.o
USART6_IRQHandler                                 build/startup_stm32f401xc.o
UsageFault_Handler                                build/stm32f4xx_it.o
WWDG_IRQHandler                                   build/startup_stm32f401xc.o
_Min_Stack_Size                                   build/sysmem.o
__adddf3                                          d:/dev/gnu arm embedded toolchain/gcc-arm-none-eabi-10.3-2021.10/bin/../lib/gcc/arm-none-eabi/10.3.1/thumb/v7e-m+fp/hard\libgcc.a(_arm_addsubdf3.o)
__aeabi_cdcmpeq                                   d:/dev/gnu arm embedded toolchain/gcc-arm-none-eabi-10.3-2021.10/bin/../lib/gcc/arm-none-eabi/10.3.1/thumb/v7e-m+fp/hard\libgcc.a(_arm_cmpdf2.o)
__aeabi_cdcmple                                   d:/dev/gnu arm embedded toolchain/gcc-arm-none-eabi-10.3-2021.10/bin/../lib/gcc/arm-none-eabi/10.3.1/thumb/v7e-m+fp/hard\libgcc.a(_arm_cmpdf2.o)
__aeabi_cdrcmple                                  d:/dev/gnu arm embedded toolchain/gcc-arm-none-eabi-10.3-2021.10/bin/../lib/gcc/arm-none-eabi/10.3.1/thumb/v7e-m+fp/hard\libgcc.a(_arm_cmpdf2.o)
__aeabi_d2iz                                      d:/dev/gnu arm embedded toolchain/gcc-arm-none-eabi-10.3-2021.10/bin/../lib/gcc/arm-none-eabi/10.3.1/thumb/v7e-m+fp/hard\libgcc.a(_arm_fixdfsi.o)
                                                  build/printf.o
__aeabi_d2uiz                                     d:/dev/gnu arm embedded toolchain/gcc-arm-none-eabi-10.3-2021.10/bin/../lib/gcc/arm-none-eabi/10.3.1/thumb/v7e-m+fp/hard\libgcc.a(_arm_fixunsdfsi.o)
                                                  build/Servo.o
                                                  build/printf.o
__aeabi_dadd                                      d:/dev/gnu arm embedded toolchain/gcc-arm-none-eabi-10.3-2021.10/bin/../lib/gcc/arm-none-eabi/10.3.1/thumb/v7e-m+fp/hard\libgcc.a(_arm_addsubdf3.o)
                                                  build/Servo.o
                                                  build/printf.o
__aeabi_dcmpeq                                    d:/dev/gnu arm embedded toolchain/gcc-arm-none-eabi-10.3-2021.10/bin/../lib/gcc/arm-none-eabi/10.3.1/thumb/v7e-m+fp/hard\libgcc.a(_arm_cmpdf2.o)
                                                  build/printf.o
__aeabi_dcmpge                                    d:/dev/gnu arm embedded toolchain/gcc-arm-none-eabi-10.3-2021.10/bin/../lib/gcc/arm-none-eabi/10.3.1/thumb/v7e-m+fp/hard\libgcc.a(_arm_cmpdf2.o)
                                                  build/printf.o